<?xml version="1.0" encoding="utf-8" ?>
<result>
	<row>
		<login>login2</login>
		
		<alias>login2</alias>
		<email>login2@example.com</email>
		<superuser_access>0</superuser_access>
		
	</row>
</result>