<?xml version="1.0" encoding="utf-8" ?>
<result>
	<row>
		<login>login6</login>
		
		<alias>login6</alias>
		<email>login6@example.com</email>
		<superuser_access>0</superuser_access>
		
	</row>
</result>