<?xml version="1.0" encoding="utf-8" ?>
<result>
	<row>
		<login>login2</login>
		<alias>login2</alias>
	</row>
	<row>
		<login>login4</login>
		<alias>login4</alias>
	</row>
	<row>
		<login>login6</login>
		<alias>login6</alias>
	</row>
	<row>
		<login>login7</login>
		<alias>login7</alias>
	</row>
	<row>
		<login>login8</login>
		<alias>login8</alias>
	</row>
</result>