<?xml version="1.0" encoding="utf-8" ?>
<result>
	<row>
		<label>China</label>
		<nb_visits>20</nb_visits>
		<nb_actions>55</nb_actions>
		<max_actions>5</max_actions>
		<bounce_count>10</bounce_count>
		<goals>
			<row idgoal='1'>
				<nb_conversions>20</nb_conversions>
				<nb_visits_converted>20</nb_visits_converted>
				<revenue>100</revenue>
			</row>
			<row idgoal='2'>
				<nb_conversions>10</nb_conversions>
				<nb_visits_converted>10</nb_visits_converted>
				<revenue>50</revenue>
			</row>
		</goals>
		<nb_conversions>30</nb_conversions>
		<revenue>150</revenue>
		<sum_daily_nb_uniq_visitors>10</sum_daily_nb_uniq_visitors>
		<sum_daily_nb_users>0</sum_daily_nb_users>
		<code>cn</code>
		<logo>plugins/Morpheus/icons/dist/flags/cn.png</logo>
		<segment>countryCode==cn</segment>
		<logoHeight>16</logoHeight>
	</row>
	<row>
		<label>Canada</label>
		<nb_visits>6</nb_visits>
		<nb_actions>16</nb_actions>
		<max_actions>5</max_actions>
		<bounce_count>3</bounce_count>
		<goals>
			<row idgoal='1'>
				<nb_conversions>6</nb_conversions>
				<nb_visits_converted>6</nb_visits_converted>
				<revenue>30</revenue>
			</row>
			<row idgoal='2'>
				<nb_conversions>3</nb_conversions>
				<nb_visits_converted>3</nb_visits_converted>
				<revenue>15</revenue>
			</row>
		</goals>
		<nb_conversions>9</nb_conversions>
		<revenue>45</revenue>
		<sum_daily_nb_uniq_visitors>3</sum_daily_nb_uniq_visitors>
		<sum_daily_nb_users>0</sum_daily_nb_users>
		<code>ca</code>
		<logo>plugins/Morpheus/icons/dist/flags/ca.png</logo>
		<segment>countryCode==ca</segment>
		<logoHeight>16</logoHeight>
	</row>
	<row>
		<label>France</label>
		<nb_visits>3</nb_visits>
		<nb_actions>7</nb_actions>
		<max_actions>5</max_actions>
		<bounce_count>2</bounce_count>
		<goals>
			<row idgoal='1'>
				<nb_conversions>3</nb_conversions>
				<nb_visits_converted>3</nb_visits_converted>
				<revenue>15</revenue>
			</row>
			<row idgoal='2'>
				<nb_conversions>1</nb_conversions>
				<nb_visits_converted>1</nb_visits_converted>
				<revenue>5</revenue>
			</row>
		</goals>
		<nb_conversions>4</nb_conversions>
		<revenue>20</revenue>
		<sum_daily_nb_uniq_visitors>2</sum_daily_nb_uniq_visitors>
		<sum_daily_nb_users>1</sum_daily_nb_users>
		<code>fr</code>
		<logo>plugins/Morpheus/icons/dist/flags/fr.png</logo>
		<segment>countryCode==fr</segment>
		<logoHeight>16</logoHeight>
	</row>
	<row>
		<label>Indonesia</label>
		<nb_visits>2</nb_visits>
		<nb_actions>5</nb_actions>
		<max_actions>4</max_actions>
		<bounce_count>1</bounce_count>
		<goals>
			<row idgoal='1'>
				<nb_conversions>2</nb_conversions>
				<nb_visits_converted>2</nb_visits_converted>
				<revenue>10</revenue>
			</row>
			<row idgoal='2'>
				<nb_conversions>1</nb_conversions>
				<nb_visits_converted>1</nb_visits_converted>
				<revenue>5</revenue>
			</row>
		</goals>
		<nb_conversions>3</nb_conversions>
		<revenue>15</revenue>
		<sum_daily_nb_uniq_visitors>1</sum_daily_nb_uniq_visitors>
		<sum_daily_nb_users>0</sum_daily_nb_users>
		<code>id</code>
		<logo>plugins/Morpheus/icons/dist/flags/id.png</logo>
		<segment>countryCode==id</segment>
		<logoHeight>16</logoHeight>
	</row>
	<row>
		<label>Italy</label>
		<nb_visits>2</nb_visits>
		<nb_actions>6</nb_actions>
		<max_actions>5</max_actions>
		<bounce_count>1</bounce_count>
		<goals>
			<row idgoal='1'>
				<nb_conversions>2</nb_conversions>
				<nb_visits_converted>2</nb_visits_converted>
				<revenue>10</revenue>
			</row>
			<row idgoal='2'>
				<nb_conversions>1</nb_conversions>
				<nb_visits_converted>1</nb_visits_converted>
				<revenue>5</revenue>
			</row>
		</goals>
		<nb_conversions>3</nb_conversions>
		<revenue>15</revenue>
		<sum_daily_nb_uniq_visitors>1</sum_daily_nb_uniq_visitors>
		<sum_daily_nb_users>0</sum_daily_nb_users>
		<code>it</code>
		<logo>plugins/Morpheus/icons/dist/flags/it.png</logo>
		<segment>countryCode==it</segment>
		<logoHeight>16</logoHeight>
	</row>
	<row>
		<label>United States</label>
		<nb_visits>2</nb_visits>
		<nb_actions>6</nb_actions>
		<max_actions>5</max_actions>
		<bounce_count>1</bounce_count>
		<goals>
			<row idgoal='1'>
				<nb_conversions>2</nb_conversions>
				<nb_visits_converted>2</nb_visits_converted>
				<revenue>10</revenue>
			</row>
			<row idgoal='2'>
				<nb_conversions>1</nb_conversions>
				<nb_visits_converted>1</nb_visits_converted>
				<revenue>5</revenue>
			</row>
		</goals>
		<nb_conversions>3</nb_conversions>
		<revenue>15</revenue>
		<sum_daily_nb_uniq_visitors>1</sum_daily_nb_uniq_visitors>
		<sum_daily_nb_users>0</sum_daily_nb_users>
		<code>us</code>
		<logo>plugins/Morpheus/icons/dist/flags/us.png</logo>
		<segment>countryCode==us</segment>
		<logoHeight>16</logoHeight>
	</row>
</result>