<?xml version="1.0" encoding="utf-8" ?>
<result>
	<row>
		<label>user3</label>
		<nb_uniq_visitors>1</nb_uniq_visitors>
		<nb_visits>1</nb_visits>
		<nb_actions>1</nb_actions>
		<nb_users>1</nb_users>
		<max_actions>1</max_actions>
		<sum_visit_length>0</sum_visit_length>
		<bounce_count>1</bounce_count>
		<nb_visits_converted>0</nb_visits_converted>
		<idvisitor>0b7f849446d33835</idvisitor>
	</row>
	<row>
		<label>user2</label>
		<nb_uniq_visitors>1</nb_uniq_visitors>
		<nb_visits>1</nb_visits>
		<nb_actions>1</nb_actions>
		<nb_users>1</nb_users>
		<max_actions>1</max_actions>
		<sum_visit_length>0</sum_visit_length>
		<bounce_count>1</bounce_count>
		<nb_visits_converted>0</nb_visits_converted>
		<idvisitor>a1881c06eec96db9</idvisitor>
	</row>
	<row>
		<label>user1</label>
		<nb_uniq_visitors>1</nb_uniq_visitors>
		<nb_visits>2</nb_visits>
		<nb_actions>3</nb_actions>
		<nb_users>1</nb_users>
		<max_actions>2</max_actions>
		<sum_visit_length>1</sum_visit_length>
		<bounce_count>1</bounce_count>
		<nb_visits_converted>0</nb_visits_converted>
		<idvisitor>b3daa77b4c04a955</idvisitor>
	</row>
</result>