<?xml version="1.0" encoding="utf-8" ?>
<result>
	<row>
		<label>user2</label>
		<nb_visits>21</nb_visits>
		<nb_actions>29</nb_actions>
		<max_actions>2</max_actions>
		<sum_visit_length>8</sum_visit_length>
		<bounce_count>13</bounce_count>
		<nb_visits_converted>0</nb_visits_converted>
		<sum_daily_nb_uniq_visitors>20</sum_daily_nb_uniq_visitors>
		<sum_daily_nb_users>20</sum_daily_nb_users>
		<idvisitor>a1881c06eec96db9</idvisitor>
	</row>
</result>