<?xml version="1.0" encoding="utf-8" ?>
<result>
	<row>
		<label>Piwik test</label>
		<nb_visits>44</nb_visits>
		<nb_actions>51</nb_actions>
		<nb_pageviews>45</nb_pageviews>
		<revenue>200</revenue>
		<visits_evolution>100%</visits_evolution>
		<actions_evolution>100%</actions_evolution>
		<pageviews_evolution>100%</pageviews_evolution>
		<revenue_evolution>100%</revenue_evolution>
		<idsite>1</idsite>
		<group />
		<main_url>http://piwik.net</main_url>
	</row>
	<row>
		<label>Piwik test three</label>
		<nb_visits>3</nb_visits>
		<nb_actions>5</nb_actions>
		<nb_pageviews>5</nb_pageviews>
		<revenue>0</revenue>
		<visits_evolution>100%</visits_evolution>
		<actions_evolution>100%</actions_evolution>
		<pageviews_evolution>100%</pageviews_evolution>
		<revenue_evolution>0%</revenue_evolution>
		<idsite>3</idsite>
		<group />
		<main_url>http://example-site-three.com</main_url>
	</row>
	<row>
		<label>Piwik test two</label>
		<nb_visits>1</nb_visits>
		<nb_actions>1</nb_actions>
		<nb_pageviews>1</nb_pageviews>
		<revenue>0</revenue>
		<visits_evolution>100%</visits_evolution>
		<actions_evolution>100%</actions_evolution>
		<pageviews_evolution>100%</pageviews_evolution>
		<revenue_evolution>0%</revenue_evolution>
		<idsite>2</idsite>
		<group />
		<main_url>http://example-site-two.com</main_url>
	</row>
</result>