<?xml version="1.0" encoding="utf-8" ?>
<result>
	<row>
		<idSite>1</idSite>
		<idVisit>5</idVisit>
		<visitIp>156.5.3.2</visitIp>
		
		<actionDetails>
			<row>
				<type>ecommerceOrder</type>
				<orderId>666</orderId>
				<revenue>240</revenue>
				<revenueSubTotal>200</revenueSubTotal>
				<revenueTax>20</revenueTax>
				<revenueShipping>20</revenueShipping>
				<revenueDiscount>20</revenueDiscount>
				<items>2</items>
				
				<itemDetails>
					<row>
						<itemSKU>TRIPOD SKU</itemSKU>
						<itemName>TRIPOD - bought day after</itemName>
						<itemCategory>Tools</itemCategory>
						<price>100</price>
						<quantity>2</quantity>
					</row>
				</itemDetails>
				<icon>plugins/Morpheus/images/ecommerceOrder.png</icon>
				
			</row>
			<row>
				<type>ecommerceOrder</type>
				<orderId>777</orderId>
				<revenue>10000</revenue>
				<revenueSubTotal>0</revenueSubTotal>
				<revenueTax>0</revenueTax>
				<revenueShipping>0</revenueShipping>
				<revenueDiscount>0</revenueDiscount>
				<items>0</items>
				
				<itemDetails>
				</itemDetails>
				<icon>plugins/Morpheus/images/ecommerceOrder.png</icon>
				
			</row>
		</actionDetails>
		<goalConversions>0</goalConversions>
		<siteCurrency>USD</siteCurrency>
		<siteCurrencySymbol>$</siteCurrencySymbol>
		
		
		
		
		
		
		
		
		
		
		<userId />
		<visitorType>returningCustomer</visitorType>
		<visitorTypeIcon>plugins/Live/images/returningVisitor.png</visitorTypeIcon>
		<visitConverted>1</visitConverted>
		<visitConvertedIcon>plugins/Morpheus/images/goal.png</visitConvertedIcon>
		<visitCount>1</visitCount>
		<visitEcommerceStatus>ordered</visitEcommerceStatus>
		<visitEcommerceStatusIcon>plugins/Morpheus/images/ecommerceOrder.png</visitEcommerceStatusIcon>
		<daysSinceFirstVisit>0</daysSinceFirstVisit>
		<daysSinceLastEcommerceOrder>0</daysSinceLastEcommerceOrder>
		<visitDuration>363</visitDuration>
		<visitDurationPretty>6 min 3s</visitDurationPretty>
		<searches>0</searches>
		<actions>0</actions>
		<interactions>0</interactions>
		<referrerType>direct</referrerType>
		<referrerTypeName>Direct Entry</referrerTypeName>
		<referrerName />
		<referrerKeyword />
		<referrerKeywordPosition />
		<referrerUrl />
		<referrerSearchEngineUrl />
		<referrerSearchEngineIcon />
		<languageCode>pl</languageCode>
		<language>Polish</language>
		<deviceType>Desktop</deviceType>
		<deviceTypeIcon>plugins/Morpheus/icons/dist/devices/desktop.png</deviceTypeIcon>
		<deviceBrand>Unknown</deviceBrand>
		<deviceModel />
		<operatingSystem>Windows XP</operatingSystem>
		<operatingSystemName>Windows</operatingSystemName>
		<operatingSystemIcon>plugins/Morpheus/icons/dist/os/WIN.png</operatingSystemIcon>
		<operatingSystemCode>WIN</operatingSystemCode>
		<operatingSystemVersion>XP</operatingSystemVersion>
		<browserFamily>Gecko</browserFamily>
		<browserFamilyDescription>Gecko (Firefox)</browserFamilyDescription>
		<browser>Firefox 3.6</browser>
		<browserName>Firefox</browserName>
		<browserIcon>plugins/Morpheus/icons/dist/browsers/FF.png</browserIcon>
		<browserCode>FF</browserCode>
		<browserVersion>3.6</browserVersion>
		<totalEcommerceRevenue>13351.11</totalEcommerceRevenue>
		<totalEcommerceConversions>4</totalEcommerceConversions>
		<totalEcommerceItems>12</totalEcommerceItems>
		<totalAbandonedCartsRevenue>7530.33</totalAbandonedCartsRevenue>
		<totalAbandonedCarts>3</totalAbandonedCarts>
		<totalAbandonedCartsItems>12</totalAbandonedCartsItems>
		<events>0</events>
		<continent>Europe</continent>
		<continentCode>eur</continentCode>
		<country>Poland</country>
		<countryCode>pl</countryCode>
		<countryFlag>plugins/Morpheus/icons/dist/flags/pl.png</countryFlag>
		<region />
		<regionCode />
		<city />
		<location>Poland</location>
		<latitude />
		<longitude />
		<visitLocalTime>12:34:06</visitLocalTime>
		<visitLocalHour>12</visitLocalHour>
		<daysSinceLastVisit>0</daysSinceLastVisit>
		<customVariables>
			<row>
				<customVariableName3>VisitorName</customVariableName3>
				<customVariableValue3>Great name!</customVariableValue3>
			</row>
			<row>
				<customVariableName4>ValueIsZero</customVariableName4>
				<customVariableValue4>0</customVariableValue4>
			</row>
			<row>
				<customVariableName5>VisitorType</customVariableName5>
				<customVariableValue5>NewLoggedOut</customVariableValue5>
			</row>
		</customVariables>
		<resolution>1024x768</resolution>
		<plugins>cookie, flash, java</plugins>
		<pluginsIcons>
			<row>
				<pluginIcon>plugins/Morpheus/icons/dist/plugins/cookie.png</pluginIcon>
				<pluginName>cookie</pluginName>
			</row>
			<row>
				<pluginIcon>plugins/Morpheus/icons/dist/plugins/flash.png</pluginIcon>
				<pluginName>flash</pluginName>
			</row>
			<row>
				<pluginIcon>plugins/Morpheus/icons/dist/plugins/java.png</pluginIcon>
				<pluginName>java</pluginName>
			</row>
		</pluginsIcons>
	</row>
	<row>
		<idSite>1</idSite>
		<idVisit>4</idVisit>
		<visitIp>156.5.3.2</visitIp>
		
		<actionDetails>
			<row>
				<type>action</type>
				<url>http://example.org/index.htm</url>
				<pageTitle>View product left in cart</pageTitle>
				<pageIdAction>2</pageIdAction>
				
				
				<pageId>14</pageId>
				<bandwidth />
				<timeSpent>180</timeSpent>
				<timeSpentPretty>3 min 0s</timeSpentPretty>
				<interactionPosition>1</interactionPosition>
				<icon />
				
				<customVariables>
					<row>
						<customVariablePageName2>_pkp</customVariablePageName2>
						<customVariablePageValue2>999</customVariablePageValue2>
					</row>
					<row>
						<customVariablePageName3>_pks</customVariablePageName3>
						<customVariablePageValue3>SKU VERY nice indeed</customVariablePageValue3>
					</row>
					<row>
						<customVariablePageName4>_pkn</customVariablePageName4>
						<customVariablePageValue4>PRODUCT THREE LEFT in cart</customVariablePageValue4>
					</row>
					<row>
						<customVariablePageName5>_pkc</customVariablePageName5>
						<customVariablePageValue5 />
					</row>
				</customVariables>
				<bandwidth_pretty>0 M</bandwidth_pretty>
			</row>
			<row>
				<type>action</type>
				<url>http://example.org/index.htm</url>
				<pageTitle>View product left in cart</pageTitle>
				<pageIdAction>2</pageIdAction>
				
				
				<pageId>15</pageId>
				<bandwidth />
				<timeSpent>180</timeSpent>
				<timeSpentPretty>3 min 0s</timeSpentPretty>
				<interactionPosition>2</interactionPosition>
				<icon />
				
				<customVariables>
					<row>
						<customVariablePageName2>_pkp</customVariablePageName2>
						<customVariablePageValue2>333</customVariablePageValue2>
					</row>
					<row>
						<customVariablePageName3>_pks</customVariablePageName3>
						<customVariablePageValue3>SKU VERY nice indeed</customVariablePageValue3>
					</row>
					<row>
						<customVariablePageName4>_pkn</customVariablePageName4>
						<customVariablePageValue4>PRODUCT THREE LEFT in cart</customVariablePageValue4>
					</row>
					<row>
						<customVariablePageName5>_pkc</customVariablePageName5>
						<customVariablePageValue5 />
					</row>
				</customVariables>
				<bandwidth_pretty>0 M</bandwidth_pretty>
			</row>
			<row>
				<type>action</type>
				<url>http://example.org/index.htm</url>
				<pageTitle>View product left in cart</pageTitle>
				<pageIdAction>2</pageIdAction>
				
				
				<pageId>16</pageId>
				<bandwidth />
				<timeSpent>361</timeSpent>
				<timeSpentPretty>6 min 1s</timeSpentPretty>
				<interactionPosition>3</interactionPosition>
				<icon />
				
				<customVariables>
					<row>
						<customVariablePageName3>_pks</customVariablePageName3>
						<customVariablePageValue3>SKU IN ABANDONED CART TWO</customVariablePageValue3>
					</row>
					<row>
						<customVariablePageName4>_pkn</customVariablePageName4>
						<customVariablePageValue4>PRODUCT TWO LEFT in cart</customVariablePageValue4>
					</row>
					<row>
						<customVariablePageName5>_pkc</customVariablePageName5>
						<customVariablePageValue5>Category TWO LEFT in cart</customVariablePageValue5>
					</row>
				</customVariables>
				<bandwidth_pretty>0 M</bandwidth_pretty>
			</row>
			<row>
				<type>ecommerceAbandonedCart</type>
				<revenue>2510.11</revenue>
				<items>4</items>
				
				<itemDetails>
					<row>
						<itemSKU>SKU VERY nice indeed</itemSKU>
						<itemName>PRODUCT THREE LEFT in cart</itemName>
						<itemCategory>Electronics &amp; Cameras</itemCategory>
						<price>10</price>
						<quantity>1</quantity>
					</row>
					<row>
						<itemSKU>SKU IN ABANDONED CART ONE</itemSKU>
						<itemName>PRODUCT ONE LEFT in cart</itemName>
						<itemCategory />
						<price>500.11</price>
						<quantity>1</quantity>
					</row>
					<row>
						<itemSKU>SKU IN ABANDONED CART TWO</itemSKU>
						<itemName>PRODUCT TWO LEFT in cart</itemName>
						<itemCategory>Category TWO LEFT in cart</itemCategory>
						<price>1000</price>
						<quantity>2</quantity>
					</row>
				</itemDetails>
				<icon>plugins/Morpheus/images/ecommerceAbandonedCart.png</icon>
				
			</row>
		</actionDetails>
		<goalConversions>0</goalConversions>
		<siteCurrency>USD</siteCurrency>
		<siteCurrencySymbol>$</siteCurrencySymbol>
		
		
		
		
		
		
		
		
		
		
		<userId />
		<visitorType>returningCustomer</visitorType>
		<visitorTypeIcon>plugins/Live/images/returningVisitor.png</visitorTypeIcon>
		<visitConverted>1</visitConverted>
		<visitConvertedIcon>plugins/Morpheus/images/goal.png</visitConvertedIcon>
		<visitCount>1</visitCount>
		<visitEcommerceStatus>orderedThenAbandonedCart</visitEcommerceStatus>
		<visitEcommerceStatusIcon>plugins/Morpheus/images/ecommerceOrder.png</visitEcommerceStatusIcon>
		<daysSinceFirstVisit>0</daysSinceFirstVisit>
		<daysSinceLastEcommerceOrder>1</daysSinceLastEcommerceOrder>
		<visitDuration>1081</visitDuration>
		<visitDurationPretty>18 min 1s</visitDurationPretty>
		<searches>0</searches>
		<actions>3</actions>
		<interactions>3</interactions>
		<referrerType>direct</referrerType>
		<referrerTypeName>Direct Entry</referrerTypeName>
		<referrerName />
		<referrerKeyword />
		<referrerKeywordPosition />
		<referrerUrl />
		<referrerSearchEngineUrl />
		<referrerSearchEngineIcon />
		<languageCode>pl</languageCode>
		<language>Polish</language>
		<deviceType>Desktop</deviceType>
		<deviceTypeIcon>plugins/Morpheus/icons/dist/devices/desktop.png</deviceTypeIcon>
		<deviceBrand>Unknown</deviceBrand>
		<deviceModel />
		<operatingSystem>Windows XP</operatingSystem>
		<operatingSystemName>Windows</operatingSystemName>
		<operatingSystemIcon>plugins/Morpheus/icons/dist/os/WIN.png</operatingSystemIcon>
		<operatingSystemCode>WIN</operatingSystemCode>
		<operatingSystemVersion>XP</operatingSystemVersion>
		<browserFamily>Gecko</browserFamily>
		<browserFamilyDescription>Gecko (Firefox)</browserFamilyDescription>
		<browser>Firefox 3.6</browser>
		<browserName>Firefox</browserName>
		<browserIcon>plugins/Morpheus/icons/dist/browsers/FF.png</browserIcon>
		<browserCode>FF</browserCode>
		<browserVersion>3.6</browserVersion>
		<totalEcommerceRevenue>13351.11</totalEcommerceRevenue>
		<totalEcommerceConversions>4</totalEcommerceConversions>
		<totalEcommerceItems>12</totalEcommerceItems>
		<totalAbandonedCartsRevenue>7530.33</totalAbandonedCartsRevenue>
		<totalAbandonedCarts>3</totalAbandonedCarts>
		<totalAbandonedCartsItems>12</totalAbandonedCartsItems>
		<events>0</events>
		<continent>Europe</continent>
		<continentCode>eur</continentCode>
		<country>Poland</country>
		<countryCode>pl</countryCode>
		<countryFlag>plugins/Morpheus/icons/dist/flags/pl.png</countryFlag>
		<region />
		<regionCode />
		<city />
		<location>Poland</location>
		<latitude />
		<longitude />
		<visitLocalTime>12:34:06</visitLocalTime>
		<visitLocalHour>12</visitLocalHour>
		<daysSinceLastVisit>0</daysSinceLastVisit>
		<customVariables>
			<row>
				<customVariableName3>VisitorName</customVariableName3>
				<customVariableValue3>Great name!</customVariableValue3>
			</row>
			<row>
				<customVariableName4>ValueIsZero</customVariableName4>
				<customVariableValue4>0</customVariableValue4>
			</row>
			<row>
				<customVariableName5>VisitorType</customVariableName5>
				<customVariableValue5>NewLoggedOut</customVariableValue5>
			</row>
		</customVariables>
		<resolution>1024x768</resolution>
		<plugins>cookie, flash, java</plugins>
		<pluginsIcons>
			<row>
				<pluginIcon>plugins/Morpheus/icons/dist/plugins/cookie.png</pluginIcon>
				<pluginName>cookie</pluginName>
			</row>
			<row>
				<pluginIcon>plugins/Morpheus/icons/dist/plugins/flash.png</pluginIcon>
				<pluginName>flash</pluginName>
			</row>
			<row>
				<pluginIcon>plugins/Morpheus/icons/dist/plugins/java.png</pluginIcon>
				<pluginName>java</pluginName>
			</row>
		</pluginsIcons>
	</row>
</result>