<?xml version="1.0" encoding="utf-8" ?>
<result>
	<row>1</row>
	<row>5</row>
	<row>4</row>
</result>