<?xml version="1.0" encoding="utf-8" ?>
<result>
	<website>Piwik test</website>
	<prettyDate>Tuesday, April 5, 2011</prettyDate>
	<metadata>
		<category>Visitors</category>
		<subcategory>Times</subcategory>
		<name>Visits per server time</name>
		<module>VisitTime</module>
		<action>getVisitInformationPerServerTime</action>
		<dimension>Server time - hour (End of visit)</dimension>
		<documentation>This graph shows what time it was in the &lt;strong&gt; server's time zone &lt;/strong&gt; during the visits.</documentation>
		<metrics>
			<nb_visits>Visits</nb_visits>
			<nb_uniq_visitors>Unique visitors</nb_uniq_visitors>
			<nb_actions>Actions</nb_actions>
			<nb_users>Users</nb_users>
		</metrics>
		<metricsDocumentation>
			<nb_visits>If a visitor comes to your website for the first time or if they visit a page more than 30 minutes after their last page view, this will be recorded as a new visit.</nb_visits>
			<nb_uniq_visitors>The number of unduplicated visitors coming to your website. Every user is only counted once, even if they visit the website multiple times a day.</nb_uniq_visitors>
			<nb_actions>The number of actions performed by your visitors. Actions can be page views, internal site searches, downloads or outlinks.</nb_actions>
			<nb_users>The number of users logged in your website. It is the number of unique active users that have a User ID set (via the Tracking code function 'setUserId').</nb_users>
			<nb_actions_per_visit>The average number of actions (page views, site searches, downloads or outlinks) that were performed during the visits.</nb_actions_per_visit>
			<avg_time_on_site>The average duration of a visit.</avg_time_on_site>
			<bounce_rate>The percentage of visits that only had a single pageview. This means, that the visitor left the website directly from the entrance page.</bounce_rate>
			<conversion_rate>The percentage of visits that triggered a goal conversion.</conversion_rate>
		</metricsDocumentation>
		<processedMetrics>
			<nb_actions_per_visit>Actions per Visit</nb_actions_per_visit>
			<avg_time_on_site>Avg. Time on Website</avg_time_on_site>
			<bounce_rate>Bounce Rate</bounce_rate>
		</processedMetrics>
		<constantRowsCount>1</constantRowsCount>
		<metricsGoal>
			<nb_conversions>Conversions</nb_conversions>
			<revenue>Revenue</revenue>
		</metricsGoal>
		<processedMetricsGoal>
			<revenue_per_visit>Revenue per Visit</revenue_per_visit>
		</processedMetricsGoal>
		<imageGraphUrl>index.php?module=API&amp;method=ImageGraph.get&amp;idSite=1&amp;apiModule=VisitTime&amp;apiAction=getVisitInformationPerServerTime&amp;period=day&amp;date=2011-04-05</imageGraphUrl>
		<uniqueId>VisitTime_getVisitInformationPerServerTime</uniqueId>
	</metadata>
	<columns>
		<label>Server time - hour (End of visit)</label>
		<nb_visits>Visits</nb_visits>
		<nb_uniq_visitors>Unique visitors</nb_uniq_visitors>
		<nb_actions>Actions</nb_actions>
		<nb_users>Users</nb_users>
		<nb_actions_per_visit>Actions per Visit</nb_actions_per_visit>
		<avg_time_on_site>Avg. Time on Website</avg_time_on_site>
		<bounce_rate>Bounce Rate</bounce_rate>
		<revenue>Revenue</revenue>
	</columns>
	<reportData>
		<row>
			<label>00</label>
			<nb_uniq_visitors>1</nb_uniq_visitors>
			<nb_visits>1</nb_visits>
			<nb_actions>4</nb_actions>
			<nb_users>0</nb_users>
			<revenue>$ 10</revenue>
			<nb_actions_per_visit>4</nb_actions_per_visit>
			<avg_time_on_site>00:12:01</avg_time_on_site>
			<bounce_rate>0%</bounce_rate>
		</row>
		<row>
			<label>01</label>
			<nb_uniq_visitors>0</nb_uniq_visitors>
			<nb_visits>0</nb_visits>
			<nb_actions>0</nb_actions>
			<nb_users>0</nb_users>
			<nb_actions_per_visit>0</nb_actions_per_visit>
			<avg_time_on_site>00:00:00</avg_time_on_site>
			<bounce_rate>0%</bounce_rate>
			<revenue>$ 0</revenue>
		</row>
		<row>
			<label>02</label>
			<nb_uniq_visitors>1</nb_uniq_visitors>
			<nb_visits>1</nb_visits>
			<nb_actions>6</nb_actions>
			<nb_users>0</nb_users>
			<revenue>$ 3111.11</revenue>
			<nb_actions_per_visit>6</nb_actions_per_visit>
			<avg_time_on_site>01:06:01</avg_time_on_site>
			<bounce_rate>0%</bounce_rate>
		</row>
		<row>
			<label>03</label>
			<nb_uniq_visitors>0</nb_uniq_visitors>
			<nb_visits>0</nb_visits>
			<nb_actions>0</nb_actions>
			<nb_users>0</nb_users>
			<nb_actions_per_visit>0</nb_actions_per_visit>
			<avg_time_on_site>00:00:00</avg_time_on_site>
			<bounce_rate>0%</bounce_rate>
			<revenue>$ 0</revenue>
		</row>
		<row>
			<label>04</label>
			<nb_uniq_visitors>0</nb_uniq_visitors>
			<nb_visits>0</nb_visits>
			<nb_actions>0</nb_actions>
			<nb_users>0</nb_users>
			<nb_actions_per_visit>0</nb_actions_per_visit>
			<avg_time_on_site>00:00:00</avg_time_on_site>
			<bounce_rate>0%</bounce_rate>
			<revenue>$ 0</revenue>
		</row>
		<row>
			<label>05</label>
			<nb_uniq_visitors>0</nb_uniq_visitors>
			<nb_visits>0</nb_visits>
			<nb_actions>0</nb_actions>
			<nb_users>0</nb_users>
			<nb_actions_per_visit>0</nb_actions_per_visit>
			<avg_time_on_site>00:00:00</avg_time_on_site>
			<bounce_rate>0%</bounce_rate>
			<revenue>$ 0</revenue>
		</row>
		<row>
			<label>06</label>
			<nb_uniq_visitors>0</nb_uniq_visitors>
			<nb_visits>0</nb_visits>
			<nb_actions>0</nb_actions>
			<nb_users>0</nb_users>
			<nb_actions_per_visit>0</nb_actions_per_visit>
			<avg_time_on_site>00:00:00</avg_time_on_site>
			<bounce_rate>0%</bounce_rate>
			<revenue>$ 0</revenue>
		</row>
		<row>
			<label>07</label>
			<nb_uniq_visitors>1</nb_uniq_visitors>
			<nb_visits>1</nb_visits>
			<nb_actions>3</nb_actions>
			<nb_users>0</nb_users>
			<revenue>$ 0</revenue>
			<nb_actions_per_visit>3</nb_actions_per_visit>
			<avg_time_on_site>00:12:01</avg_time_on_site>
			<bounce_rate>0%</bounce_rate>
		</row>
		<row>
			<label>08</label>
			<nb_uniq_visitors>0</nb_uniq_visitors>
			<nb_visits>0</nb_visits>
			<nb_actions>0</nb_actions>
			<nb_users>0</nb_users>
			<nb_actions_per_visit>0</nb_actions_per_visit>
			<avg_time_on_site>00:00:00</avg_time_on_site>
			<bounce_rate>0%</bounce_rate>
			<revenue>$ 0</revenue>
		</row>
		<row>
			<label>09</label>
			<nb_uniq_visitors>0</nb_uniq_visitors>
			<nb_visits>0</nb_visits>
			<nb_actions>0</nb_actions>
			<nb_users>0</nb_users>
			<nb_actions_per_visit>0</nb_actions_per_visit>
			<avg_time_on_site>00:00:00</avg_time_on_site>
			<bounce_rate>0%</bounce_rate>
			<revenue>$ 0</revenue>
		</row>
		<row>
			<label>10</label>
			<nb_uniq_visitors>0</nb_uniq_visitors>
			<nb_visits>0</nb_visits>
			<nb_actions>0</nb_actions>
			<nb_users>0</nb_users>
			<nb_actions_per_visit>0</nb_actions_per_visit>
			<avg_time_on_site>00:00:00</avg_time_on_site>
			<bounce_rate>0%</bounce_rate>
			<revenue>$ 0</revenue>
		</row>
		<row>
			<label>11</label>
			<nb_uniq_visitors>0</nb_uniq_visitors>
			<nb_visits>0</nb_visits>
			<nb_actions>0</nb_actions>
			<nb_users>0</nb_users>
			<nb_actions_per_visit>0</nb_actions_per_visit>
			<avg_time_on_site>00:00:00</avg_time_on_site>
			<bounce_rate>0%</bounce_rate>
			<revenue>$ 0</revenue>
		</row>
		<row>
			<label>12</label>
			<nb_uniq_visitors>0</nb_uniq_visitors>
			<nb_visits>0</nb_visits>
			<nb_actions>0</nb_actions>
			<nb_users>0</nb_users>
			<nb_actions_per_visit>0</nb_actions_per_visit>
			<avg_time_on_site>00:00:00</avg_time_on_site>
			<bounce_rate>0%</bounce_rate>
			<revenue>$ 0</revenue>
		</row>
		<row>
			<label>13</label>
			<nb_uniq_visitors>0</nb_uniq_visitors>
			<nb_visits>0</nb_visits>
			<nb_actions>0</nb_actions>
			<nb_users>0</nb_users>
			<nb_actions_per_visit>0</nb_actions_per_visit>
			<avg_time_on_site>00:00:00</avg_time_on_site>
			<bounce_rate>0%</bounce_rate>
			<revenue>$ 0</revenue>
		</row>
		<row>
			<label>14</label>
			<nb_uniq_visitors>0</nb_uniq_visitors>
			<nb_visits>0</nb_visits>
			<nb_actions>0</nb_actions>
			<nb_users>0</nb_users>
			<nb_actions_per_visit>0</nb_actions_per_visit>
			<avg_time_on_site>00:00:00</avg_time_on_site>
			<bounce_rate>0%</bounce_rate>
			<revenue>$ 0</revenue>
		</row>
		<row>
			<label>15</label>
			<nb_uniq_visitors>0</nb_uniq_visitors>
			<nb_visits>0</nb_visits>
			<nb_actions>0</nb_actions>
			<nb_users>0</nb_users>
			<nb_actions_per_visit>0</nb_actions_per_visit>
			<avg_time_on_site>00:00:00</avg_time_on_site>
			<bounce_rate>0%</bounce_rate>
			<revenue>$ 0</revenue>
		</row>
		<row>
			<label>16</label>
			<nb_uniq_visitors>0</nb_uniq_visitors>
			<nb_visits>0</nb_visits>
			<nb_actions>0</nb_actions>
			<nb_users>0</nb_users>
			<nb_actions_per_visit>0</nb_actions_per_visit>
			<avg_time_on_site>00:00:00</avg_time_on_site>
			<bounce_rate>0%</bounce_rate>
			<revenue>$ 0</revenue>
		</row>
		<row>
			<label>17</label>
			<nb_uniq_visitors>0</nb_uniq_visitors>
			<nb_visits>0</nb_visits>
			<nb_actions>0</nb_actions>
			<nb_users>0</nb_users>
			<nb_actions_per_visit>0</nb_actions_per_visit>
			<avg_time_on_site>00:00:00</avg_time_on_site>
			<bounce_rate>0%</bounce_rate>
			<revenue>$ 0</revenue>
		</row>
		<row>
			<label>18</label>
			<nb_uniq_visitors>0</nb_uniq_visitors>
			<nb_visits>0</nb_visits>
			<nb_actions>0</nb_actions>
			<nb_users>0</nb_users>
			<nb_actions_per_visit>0</nb_actions_per_visit>
			<avg_time_on_site>00:00:00</avg_time_on_site>
			<bounce_rate>0%</bounce_rate>
			<revenue>$ 0</revenue>
		</row>
		<row>
			<label>19</label>
			<nb_uniq_visitors>0</nb_uniq_visitors>
			<nb_visits>0</nb_visits>
			<nb_actions>0</nb_actions>
			<nb_users>0</nb_users>
			<nb_actions_per_visit>0</nb_actions_per_visit>
			<avg_time_on_site>00:00:00</avg_time_on_site>
			<bounce_rate>0%</bounce_rate>
			<revenue>$ 0</revenue>
		</row>
		<row>
			<label>20</label>
			<nb_uniq_visitors>0</nb_uniq_visitors>
			<nb_visits>0</nb_visits>
			<nb_actions>0</nb_actions>
			<nb_users>0</nb_users>
			<nb_actions_per_visit>0</nb_actions_per_visit>
			<avg_time_on_site>00:00:00</avg_time_on_site>
			<bounce_rate>0%</bounce_rate>
			<revenue>$ 0</revenue>
		</row>
		<row>
			<label>21</label>
			<nb_uniq_visitors>0</nb_uniq_visitors>
			<nb_visits>0</nb_visits>
			<nb_actions>0</nb_actions>
			<nb_users>0</nb_users>
			<nb_actions_per_visit>0</nb_actions_per_visit>
			<avg_time_on_site>00:00:00</avg_time_on_site>
			<bounce_rate>0%</bounce_rate>
			<revenue>$ 0</revenue>
		</row>
		<row>
			<label>22</label>
			<nb_uniq_visitors>0</nb_uniq_visitors>
			<nb_visits>0</nb_visits>
			<nb_actions>0</nb_actions>
			<nb_users>0</nb_users>
			<nb_actions_per_visit>0</nb_actions_per_visit>
			<avg_time_on_site>00:00:00</avg_time_on_site>
			<bounce_rate>0%</bounce_rate>
			<revenue>$ 0</revenue>
		</row>
		<row>
			<label>23</label>
			<nb_uniq_visitors>0</nb_uniq_visitors>
			<nb_visits>0</nb_visits>
			<nb_actions>0</nb_actions>
			<nb_users>0</nb_users>
			<nb_actions_per_visit>0</nb_actions_per_visit>
			<avg_time_on_site>00:00:00</avg_time_on_site>
			<bounce_rate>0%</bounce_rate>
			<revenue>$ 0</revenue>
		</row>
	</reportData>
	<reportMetadata>
		<row>
			<segment>visitServerHour==0</segment>
		</row>
		<row>
			<segment>visitServerHour==1</segment>
		</row>
		<row>
			<segment>visitServerHour==2</segment>
		</row>
		<row>
			<segment>visitServerHour==3</segment>
		</row>
		<row>
			<segment>visitServerHour==4</segment>
		</row>
		<row>
			<segment>visitServerHour==5</segment>
		</row>
		<row>
			<segment>visitServerHour==6</segment>
		</row>
		<row>
			<segment>visitServerHour==7</segment>
		</row>
		<row>
			<segment>visitServerHour==8</segment>
		</row>
		<row>
			<segment>visitServerHour==9</segment>
		</row>
		<row>
			<segment>visitServerHour==10</segment>
		</row>
		<row>
			<segment>visitServerHour==11</segment>
		</row>
		<row>
			<segment>visitServerHour==12</segment>
		</row>
		<row>
			<segment>visitServerHour==13</segment>
		</row>
		<row>
			<segment>visitServerHour==14</segment>
		</row>
		<row>
			<segment>visitServerHour==15</segment>
		</row>
		<row>
			<segment>visitServerHour==16</segment>
		</row>
		<row>
			<segment>visitServerHour==17</segment>
		</row>
		<row>
			<segment>visitServerHour==18</segment>
		</row>
		<row>
			<segment>visitServerHour==19</segment>
		</row>
		<row>
			<segment>visitServerHour==20</segment>
		</row>
		<row>
			<segment>visitServerHour==21</segment>
		</row>
		<row>
			<segment>visitServerHour==22</segment>
		</row>
		<row>
			<segment>visitServerHour==23</segment>
		</row>
	</reportMetadata>
	<reportTotal>
		<nb_visits>3</nb_visits>
		<nb_uniq_visitors>3</nb_uniq_visitors>
		<nb_actions>13</nb_actions>
		<nb_conversions>3</nb_conversions>
		<bounce_count>0</bounce_count>
		<revenue>3121.11</revenue>
		<nb_visits_converted>0</nb_visits_converted>
	</reportTotal>
</result>