<?xml version="1.0" encoding="utf-8" ?>
<result>
	<row>
		<label>/movies</label>
		<nb_visits>2</nb_visits>
		<nb_uniq_visitors>2</nb_uniq_visitors>
		<nb_hits>2</nb_hits>
		<sum_time_spent>0</sum_time_spent>
		<nb_hits_with_time_generation>2</nb_hits_with_time_generation>
		<min_time_generation>0.666</min_time_generation>
		<max_time_generation>0.666</max_time_generation>
		<sum_bandwidth>0</sum_bandwidth>
		<nb_hits_with_bandwidth>0</nb_hits_with_bandwidth>
		<min_bandwidth />
		<max_bandwidth />
		<entry_nb_uniq_visitors>1</entry_nb_uniq_visitors>
		<entry_nb_visits>1</entry_nb_visits>
		<entry_nb_actions>14</entry_nb_actions>
		<entry_sum_visit_length>3541</entry_sum_visit_length>
		<entry_bounce_count>0</entry_bounce_count>
		<exit_nb_uniq_visitors>2</exit_nb_uniq_visitors>
		<exit_nb_visits>2</exit_nb_visits>
		<avg_bandwidth>0</avg_bandwidth>
		<avg_time_on_page>0</avg_time_on_page>
		<bounce_rate>0%</bounce_rate>
		<exit_rate>100%</exit_rate>
		<avg_time_generation>0.666</avg_time_generation>
		<url>http://example.org/movies</url>
		<segment>pageUrl==http%3A%2F%2Fexample.org%2Fmovies</segment>
	</row>
	<row>
		<label>/webradio</label>
		<nb_visits>1</nb_visits>
		<nb_uniq_visitors>1</nb_uniq_visitors>
		<nb_hits>1</nb_hits>
		<sum_time_spent>1499</sum_time_spent>
		<nb_hits_with_time_generation>1</nb_hits_with_time_generation>
		<min_time_generation>0.333</min_time_generation>
		<max_time_generation>0.333</max_time_generation>
		<sum_bandwidth>0</sum_bandwidth>
		<nb_hits_with_bandwidth>0</nb_hits_with_bandwidth>
		<min_bandwidth />
		<max_bandwidth />
		<entry_nb_uniq_visitors>1</entry_nb_uniq_visitors>
		<entry_nb_visits>1</entry_nb_visits>
		<entry_nb_actions>16</entry_nb_actions>
		<entry_sum_visit_length>3601</entry_sum_visit_length>
		<entry_bounce_count>0</entry_bounce_count>
		<avg_bandwidth>0</avg_bandwidth>
		<avg_time_on_page>1499</avg_time_on_page>
		<bounce_rate>0%</bounce_rate>
		<exit_rate>0%</exit_rate>
		<avg_time_generation>0.333</avg_time_generation>
		<url>http://example.org/webradio</url>
		<segment>pageUrl==http%3A%2F%2Fexample.org%2Fwebradio</segment>
	</row>
</result>