<?xml version="1.0" encoding="utf-8" ?>
<result>
	<row>
		<label>Unknown</label>
		<nb_visits>36</nb_visits>
		<nb_actions>43</nb_actions>
		<max_actions>3</max_actions>
		<sum_visit_length>551</sum_visit_length>
		<bounce_count>31</bounce_count>
		<goals>
			<row idgoal='1'>
				<nb_conversions>32</nb_conversions>
				<nb_visits_converted>32</nb_visits_converted>
				<revenue>160</revenue>
			</row>
		</goals>
		<nb_conversions>32</nb_conversions>
		<revenue>160</revenue>
		<sum_daily_nb_uniq_visitors>34</sum_daily_nb_uniq_visitors>
		<sum_daily_nb_users>3</sum_daily_nb_users>
		<nb_visits_converted>0</nb_visits_converted>
		<city_name>Unknown</city_name>
		<city>xx</city>
		<region>xx</region>
		<country>xx</country>
		<country_name>Unknown</country_name>
		<region_name>Unknown</region_name>
		<logo>plugins/Morpheus/icons/dist/flags/xx.png</logo>
	</row>
	<row>
		<label>Ashburn, Virginia, United States</label>
		<nb_visits>5</nb_visits>
		<nb_actions>5</nb_actions>
		<max_actions>1</max_actions>
		<sum_visit_length>0</sum_visit_length>
		<bounce_count>5</bounce_count>
		<goals>
			<row idgoal='1'>
				<nb_conversions>5</nb_conversions>
				<nb_visits_converted>5</nb_visits_converted>
				<revenue>25</revenue>
			</row>
		</goals>
		<nb_conversions>5</nb_conversions>
		<revenue>25</revenue>
		<sum_daily_nb_uniq_visitors>5</sum_daily_nb_uniq_visitors>
		<sum_daily_nb_users>0</sum_daily_nb_users>
		<lat>39.044</lat>
		<long>-77.488</long>
		<segment>city==Ashburn;regionCode==VA;countryCode==us</segment>
		<city_name>Ashburn</city_name>
		<region>VA</region>
		<country>us</country>
		<country_name>United States</country_name>
		<region_name>Virginia</region_name>
		<logo>plugins/Morpheus/icons/dist/flags/us.png</logo>
	</row>
	<row>
		<label>Igloolik, Nunavut, Canada</label>
		<nb_visits>1</nb_visits>
		<nb_actions>1</nb_actions>
		<max_actions>1</max_actions>
		<sum_visit_length>0</sum_visit_length>
		<bounce_count>1</bounce_count>
		<goals>
			<row idgoal='1'>
				<nb_conversions>1</nb_conversions>
				<nb_visits_converted>1</nb_visits_converted>
				<revenue>5</revenue>
			</row>
		</goals>
		<nb_conversions>1</nb_conversions>
		<revenue>5</revenue>
		<sum_daily_nb_uniq_visitors>1</sum_daily_nb_uniq_visitors>
		<sum_daily_nb_users>0</sum_daily_nb_users>
		<lat>69.4</lat>
		<long>-81.8</long>
		<segment>city==Igloolik;regionCode==NU;countryCode==ca</segment>
		<city_name>Igloolik</city_name>
		<region>NU</region>
		<country>ca</country>
		<country_name>Canada</country_name>
		<region_name>Nunavut</region_name>
		<logo>plugins/Morpheus/icons/dist/flags/ca.png</logo>
	</row>
	<row>
		<label>Mount Laurel, New Jersey, United States</label>
		<nb_visits>1</nb_visits>
		<nb_actions>1</nb_actions>
		<max_actions>1</max_actions>
		<sum_visit_length>0</sum_visit_length>
		<bounce_count>1</bounce_count>
		<goals>
			<row idgoal='1'>
				<nb_conversions>1</nb_conversions>
				<nb_visits_converted>1</nb_visits_converted>
				<revenue>5</revenue>
			</row>
		</goals>
		<nb_conversions>1</nb_conversions>
		<revenue>5</revenue>
		<sum_daily_nb_uniq_visitors>1</sum_daily_nb_uniq_visitors>
		<sum_daily_nb_users>0</sum_daily_nb_users>
		<lat>39.957</lat>
		<long>-74.916</long>
		<segment>city==Mount+Laurel;regionCode==NJ;countryCode==us</segment>
		<city_name>Mount Laurel</city_name>
		<region>NJ</region>
		<country>us</country>
		<country_name>United States</country_name>
		<region_name>New Jersey</region_name>
		<logo>plugins/Morpheus/icons/dist/flags/us.png</logo>
	</row>
	<row>
		<label>Seoul, Seoul-t'ukpyolsi, South Korea</label>
		<nb_visits>1</nb_visits>
		<nb_actions>1</nb_actions>
		<max_actions>1</max_actions>
		<sum_visit_length>0</sum_visit_length>
		<bounce_count>1</bounce_count>
		<goals>
			<row idgoal='1'>
				<nb_conversions>1</nb_conversions>
				<nb_visits_converted>1</nb_visits_converted>
				<revenue>5</revenue>
			</row>
		</goals>
		<nb_conversions>1</nb_conversions>
		<revenue>5</revenue>
		<sum_daily_nb_uniq_visitors>1</sum_daily_nb_uniq_visitors>
		<sum_daily_nb_users>0</sum_daily_nb_users>
		<lat>37.599</lat>
		<long>126.978</long>
		<segment>city==Seoul;regionCode==11;countryCode==kr</segment>
		<city_name>Seoul</city_name>
		<region>11</region>
		<country>kr</country>
		<country_name>South Korea</country_name>
		<region_name>Seoul-t'ukpyolsi</region_name>
		<logo>plugins/Morpheus/icons/dist/flags/kr.png</logo>
	</row>
</result>