<?xml version="1.0" encoding="utf-8" ?>
<result>
	<website>Piwik test</website>
	<prettyDate>January 3 â€“ 9, 2010</prettyDate>
	<metadata>
		<category>Actions</category>
		<subcategory>Events</subcategory>
		<name>Event Categories</name>
		<module>Events</module>
		<action>getCategory</action>
		<dimension>Event Category</dimension>
		<metrics>
			<nb_events>Total events</nb_events>
			<sum_event_value>Total value</sum_event_value>
			<min_event_value>Minimum value</min_event_value>
			<max_event_value>Maximum value</max_event_value>
			<nb_events_with_value>Events with a value</nb_events_with_value>
		</metrics>
		<metricsDocumentation>
			<nb_events>Total number of events</nb_events>
			<sum_event_value>The sum of event values</sum_event_value>
			<min_event_value>The minimum value for this event</min_event_value>
			<max_event_value>The maximum value for this event</max_event_value>
			<nb_events_with_value>Number of events where an Event value was set</nb_events_with_value>
			<avg_event_value>The average of all values for this event</avg_event_value>
		</metricsDocumentation>
		<processedMetrics>
			<avg_event_value>The average of all values for this event</avg_event_value>
		</processedMetrics>
		<actionToLoadSubTables>getActionFromCategoryId</actionToLoadSubTables>
		<imageGraphUrl>index.php?module=API&amp;method=ImageGraph.get&amp;idSite=1&amp;apiModule=Events&amp;apiAction=getCategory&amp;period=range&amp;date=2010-01-03,2010-01-09</imageGraphUrl>
		<imageGraphEvolutionUrl>index.php?module=API&amp;method=ImageGraph.get&amp;idSite=1&amp;apiModule=Events&amp;apiAction=getCategory&amp;period=day&amp;date=2010-01-03,2010-01-09</imageGraphEvolutionUrl>
		<uniqueId>Events_getCategory</uniqueId>
	</metadata>
	<columns>
		<label>Event Category</label>
		<nb_events>Total events</nb_events>
		<sum_event_value>Total value</sum_event_value>
		<min_event_value>Minimum value</min_event_value>
		<max_event_value>Maximum value</max_event_value>
		<nb_events_with_value>Events with a value</nb_events_with_value>
		<avg_event_value>The average of all values for this event</avg_event_value>
	</columns>
	<reportData>
		<result prettyDate="Sunday, January 3, 2010">
			<row>
				<label>Movie - playTrailer</label>
				<nb_events>6</nb_events>
				<nb_events_with_value>0</nb_events_with_value>
				<sum_event_value>0</sum_event_value>
				<min_event_value>0</min_event_value>
				<max_event_value>0</max_event_value>
				<avg_event_value>0</avg_event_value>
			</row>
			<row>
				<label>Movie - Search</label>
				<nb_events>6</nb_events>
				<nb_events_with_value>0</nb_events_with_value>
				<sum_event_value>0</sum_event_value>
				<min_event_value>0</min_event_value>
				<max_event_value>0</max_event_value>
				<avg_event_value>0</avg_event_value>
			</row>
			<row>
				<label>event category Extremely long Extremely long Extremely long Extremely long Extremely long Extremely long Extremely long Extremely long Extremely long Extremely long ---&gt; SHOULD APPEAR IN TEST OUTPUT NOT TRUNCATED &lt;--- - event action Extremely long Extremely long Extremely long Extremely long Extremely long Extremely long Extremely long Extremely long Extremely long Extremely long ---&gt; SHOULD APPEAR IN TEST OUTPUT NOT TRUNCATED &lt;---</label>
				<nb_events>2</nb_events>
				<nb_events_with_value>2</nb_events_with_value>
				<sum_event_value>19.32</sum_event_value>
				<min_event_value>9.66</min_event_value>
				<max_event_value>9.66</max_event_value>
				<avg_event_value>9.66</avg_event_value>
			</row>
			<row>
				<label>Movie - clickBuyNow</label>
				<nb_events>2</nb_events>
				<nb_events_with_value>0</nb_events_with_value>
				<sum_event_value>0</sum_event_value>
				<min_event_value>0</min_event_value>
				<max_event_value>0</max_event_value>
				<avg_event_value>0</avg_event_value>
			</row>
			<row>
				<label>Movie - play25%</label>
				<nb_events>2</nb_events>
				<nb_events_with_value>0</nb_events_with_value>
				<sum_event_value>0</sum_event_value>
				<min_event_value>0</min_event_value>
				<max_event_value>0</max_event_value>
				<avg_event_value>0</avg_event_value>
			</row>
			<row>
				<label>Movie - play50%</label>
				<nb_events>2</nb_events>
				<nb_events_with_value>0</nb_events_with_value>
				<sum_event_value>0</sum_event_value>
				<min_event_value>0</min_event_value>
				<max_event_value>0</max_event_value>
				<avg_event_value>0</avg_event_value>
			</row>
			<row>
				<label>Movie - play75%</label>
				<nb_events>2</nb_events>
				<nb_events_with_value>0</nb_events_with_value>
				<sum_event_value>0</sum_event_value>
				<min_event_value>0</min_event_value>
				<max_event_value>0</max_event_value>
				<avg_event_value>0</avg_event_value>
			</row>
			<row>
				<label>Movie - playEnd</label>
				<nb_events>2</nb_events>
				<nb_events_with_value>0</nb_events_with_value>
				<sum_event_value>0</sum_event_value>
				<min_event_value>0</min_event_value>
				<max_event_value>0</max_event_value>
				<avg_event_value>0</avg_event_value>
			</row>
			<row>
				<label>Movie - playStart</label>
				<nb_events>2</nb_events>
				<nb_events_with_value>0</nb_events_with_value>
				<sum_event_value>0</sum_event_value>
				<min_event_value>0</min_event_value>
				<max_event_value>0</max_event_value>
				<avg_event_value>0</avg_event_value>
			</row>
			<row>
				<label>Movie - Purchase</label>
				<nb_events>2</nb_events>
				<nb_events_with_value>0</nb_events_with_value>
				<sum_event_value>0</sum_event_value>
				<min_event_value>0</min_event_value>
				<max_event_value>0</max_event_value>
				<avg_event_value>0</avg_event_value>
			</row>
			<row>
				<label>Movie - rating</label>
				<nb_events>2</nb_events>
				<nb_events_with_value>2</nb_events_with_value>
				<sum_event_value>19.32</sum_event_value>
				<min_event_value>9.66</min_event_value>
				<max_event_value>9.66</max_event_value>
				<avg_event_value>9.66</avg_event_value>
			</row>
			<row>
				<label>Music - play</label>
				<nb_events>2</nb_events>
				<nb_events_with_value>0</nb_events_with_value>
				<sum_event_value>0</sum_event_value>
				<min_event_value>0</min_event_value>
				<max_event_value>0</max_event_value>
				<avg_event_value>0</avg_event_value>
			</row>
			<row>
				<label>Music - play25%</label>
				<nb_events>2</nb_events>
				<nb_events_with_value>0</nb_events_with_value>
				<sum_event_value>0</sum_event_value>
				<min_event_value>0</min_event_value>
				<max_event_value>0</max_event_value>
				<avg_event_value>0</avg_event_value>
			</row>
			<row>
				<label>Music - play50%</label>
				<nb_events>2</nb_events>
				<nb_events_with_value>0</nb_events_with_value>
				<sum_event_value>0</sum_event_value>
				<min_event_value>0</min_event_value>
				<max_event_value>0</max_event_value>
				<avg_event_value>0</avg_event_value>
			</row>
			<row>
				<label>Music - play75%</label>
				<nb_events>2</nb_events>
				<nb_events_with_value>0</nb_events_with_value>
				<sum_event_value>0</sum_event_value>
				<min_event_value>0</min_event_value>
				<max_event_value>0</max_event_value>
				<avg_event_value>0</avg_event_value>
			</row>
			<row>
				<label>Music - playEnd</label>
				<nb_events>2</nb_events>
				<nb_events_with_value>0</nb_events_with_value>
				<sum_event_value>0</sum_event_value>
				<min_event_value>0</min_event_value>
				<max_event_value>0</max_event_value>
				<avg_event_value>0</avg_event_value>
			</row>
			<row>
				<label>Music - rating</label>
				<nb_events>4</nb_events>
				<nb_events_with_value>4</nb_events_with_value>
				<sum_event_value>38</sum_event_value>
				<min_event_value>9</min_event_value>
				<max_event_value>10</max_event_value>
				<avg_event_value>9.5</avg_event_value>
			</row>
			<row>
				<label>CategoryTriggersGoal here - This is an event without a URL</label>
				<nb_events>1</nb_events>
				<nb_events_with_value>0</nb_events_with_value>
				<sum_event_value>0</sum_event_value>
				<min_event_value>0</min_event_value>
				<max_event_value>0</max_event_value>
				<avg_event_value>0</avg_event_value>
			</row>
		</result>
		<result prettyDate="Monday, January 4, 2010">
			<row>
				<label>Movie - playTrailer</label>
				<nb_events>3</nb_events>
				<nb_events_with_value>0</nb_events_with_value>
				<sum_event_value>0</sum_event_value>
				<min_event_value>0</min_event_value>
				<max_event_value>0</max_event_value>
				<avg_event_value>0</avg_event_value>
			</row>
			<row>
				<label>Movie - Search</label>
				<nb_events>3</nb_events>
				<nb_events_with_value>0</nb_events_with_value>
				<sum_event_value>0</sum_event_value>
				<min_event_value>0</min_event_value>
				<max_event_value>0</max_event_value>
				<avg_event_value>0</avg_event_value>
			</row>
			<row>
				<label>event category Extremely long Extremely long Extremely long Extremely long Extremely long Extremely long Extremely long Extremely long Extremely long Extremely long ---&gt; SHOULD APPEAR IN TEST OUTPUT NOT TRUNCATED &lt;--- - event action Extremely long Extremely long Extremely long Extremely long Extremely long Extremely long Extremely long Extremely long Extremely long Extremely long ---&gt; SHOULD APPEAR IN TEST OUTPUT NOT TRUNCATED &lt;---</label>
				<nb_events>1</nb_events>
				<nb_events_with_value>1</nb_events_with_value>
				<sum_event_value>9.66</sum_event_value>
				<min_event_value>9.66</min_event_value>
				<max_event_value>9.66</max_event_value>
				<avg_event_value>9.66</avg_event_value>
			</row>
			<row>
				<label>Movie - clickBuyNow</label>
				<nb_events>1</nb_events>
				<nb_events_with_value>0</nb_events_with_value>
				<sum_event_value>0</sum_event_value>
				<min_event_value>0</min_event_value>
				<max_event_value>0</max_event_value>
				<avg_event_value>0</avg_event_value>
			</row>
			<row>
				<label>Movie - play25%</label>
				<nb_events>1</nb_events>
				<nb_events_with_value>0</nb_events_with_value>
				<sum_event_value>0</sum_event_value>
				<min_event_value>0</min_event_value>
				<max_event_value>0</max_event_value>
				<avg_event_value>0</avg_event_value>
			</row>
			<row>
				<label>Movie - play50%</label>
				<nb_events>1</nb_events>
				<nb_events_with_value>0</nb_events_with_value>
				<sum_event_value>0</sum_event_value>
				<min_event_value>0</min_event_value>
				<max_event_value>0</max_event_value>
				<avg_event_value>0</avg_event_value>
			</row>
			<row>
				<label>Movie - play75%</label>
				<nb_events>1</nb_events>
				<nb_events_with_value>0</nb_events_with_value>
				<sum_event_value>0</sum_event_value>
				<min_event_value>0</min_event_value>
				<max_event_value>0</max_event_value>
				<avg_event_value>0</avg_event_value>
			</row>
			<row>
				<label>Movie - playEnd</label>
				<nb_events>1</nb_events>
				<nb_events_with_value>0</nb_events_with_value>
				<sum_event_value>0</sum_event_value>
				<min_event_value>0</min_event_value>
				<max_event_value>0</max_event_value>
				<avg_event_value>0</avg_event_value>
			</row>
			<row>
				<label>Movie - playStart</label>
				<nb_events>1</nb_events>
				<nb_events_with_value>0</nb_events_with_value>
				<sum_event_value>0</sum_event_value>
				<min_event_value>0</min_event_value>
				<max_event_value>0</max_event_value>
				<avg_event_value>0</avg_event_value>
			</row>
			<row>
				<label>Movie - Purchase</label>
				<nb_events>1</nb_events>
				<nb_events_with_value>0</nb_events_with_value>
				<sum_event_value>0</sum_event_value>
				<min_event_value>0</min_event_value>
				<max_event_value>0</max_event_value>
				<avg_event_value>0</avg_event_value>
			</row>
			<row>
				<label>Movie - rating</label>
				<nb_events>1</nb_events>
				<nb_events_with_value>1</nb_events_with_value>
				<sum_event_value>9.66</sum_event_value>
				<min_event_value>9.66</min_event_value>
				<max_event_value>9.66</max_event_value>
				<avg_event_value>9.66</avg_event_value>
			</row>
			<row>
				<label>Music - play</label>
				<nb_events>1</nb_events>
				<nb_events_with_value>0</nb_events_with_value>
				<sum_event_value>0</sum_event_value>
				<min_event_value>0</min_event_value>
				<max_event_value>0</max_event_value>
				<avg_event_value>0</avg_event_value>
			</row>
			<row>
				<label>Music - play25%</label>
				<nb_events>1</nb_events>
				<nb_events_with_value>0</nb_events_with_value>
				<sum_event_value>0</sum_event_value>
				<min_event_value>0</min_event_value>
				<max_event_value>0</max_event_value>
				<avg_event_value>0</avg_event_value>
			</row>
			<row>
				<label>Music - play50%</label>
				<nb_events>1</nb_events>
				<nb_events_with_value>0</nb_events_with_value>
				<sum_event_value>0</sum_event_value>
				<min_event_value>0</min_event_value>
				<max_event_value>0</max_event_value>
				<avg_event_value>0</avg_event_value>
			</row>
			<row>
				<label>Music - play75%</label>
				<nb_events>1</nb_events>
				<nb_events_with_value>0</nb_events_with_value>
				<sum_event_value>0</sum_event_value>
				<min_event_value>0</min_event_value>
				<max_event_value>0</max_event_value>
				<avg_event_value>0</avg_event_value>
			</row>
			<row>
				<label>Music - playEnd</label>
				<nb_events>1</nb_events>
				<nb_events_with_value>0</nb_events_with_value>
				<sum_event_value>0</sum_event_value>
				<min_event_value>0</min_event_value>
				<max_event_value>0</max_event_value>
				<avg_event_value>0</avg_event_value>
			</row>
			<row>
				<label>Music - rating</label>
				<nb_events>2</nb_events>
				<nb_events_with_value>2</nb_events_with_value>
				<sum_event_value>19</sum_event_value>
				<min_event_value>9</min_event_value>
				<max_event_value>10</max_event_value>
				<avg_event_value>9.5</avg_event_value>
			</row>
		</result>
		<result prettyDate="Tuesday, January 5, 2010" />
		<result prettyDate="Wednesday, January 6, 2010" />
		<result prettyDate="Thursday, January 7, 2010" />
		<result prettyDate="Friday, January 8, 2010" />
		<result prettyDate="Saturday, January 9, 2010" />
	</reportData>
	<reportMetadata>
		<result prettyDate="Sunday, January 3, 2010" />
		<result prettyDate="Monday, January 4, 2010" />
		<result prettyDate="Tuesday, January 5, 2010" />
		<result prettyDate="Wednesday, January 6, 2010" />
		<result prettyDate="Thursday, January 7, 2010" />
		<result prettyDate="Friday, January 8, 2010" />
		<result prettyDate="Saturday, January 9, 2010" />
	</reportMetadata>
	<reportTotal>
		<nb_visits>64</nb_visits>
		<nb_uniq_visitors>61</nb_uniq_visitors>
	</reportTotal>
</result>