<?xml version="1.0" encoding="utf-8" ?>
<result>
	<row>
		<label>HTTP-code</label>
		<nb_actions>50</nb_actions>
		<slots>
			<row>
				<scope>page</scope>
				<index>1</index>
			</row>
			<row>
				<scope>page</scope>
				<index>3</index>
			</row>
		</slots>
		<segment>customVariableName==HTTP-code</segment>
		<subtable>
			<row>
				<label>200</label>
				<nb_visits>39</nb_visits>
				<nb_actions>41</nb_actions>
				<sum_daily_nb_uniq_visitors>39</sum_daily_nb_uniq_visitors>
			</row>
			<row>
				<label>301</label>
				<nb_visits>3</nb_visits>
				<nb_actions>3</nb_actions>
				<sum_daily_nb_uniq_visitors>3</sum_daily_nb_uniq_visitors>
			</row>
			<row>
				<label>404</label>
				<nb_visits>3</nb_visits>
				<nb_actions>3</nb_actions>
				<sum_daily_nb_uniq_visitors>3</sum_daily_nb_uniq_visitors>
			</row>
			<row>
				<label>302</label>
				<nb_visits>1</nb_visits>
				<nb_actions>1</nb_actions>
				<sum_daily_nb_uniq_visitors>1</sum_daily_nb_uniq_visitors>
			</row>
			<row>
				<label>307</label>
				<nb_visits>1</nb_visits>
				<nb_actions>1</nb_actions>
				<sum_daily_nb_uniq_visitors>1</sum_daily_nb_uniq_visitors>
			</row>
			<row>
				<label>500</label>
				<nb_visits>1</nb_visits>
				<nb_actions>1</nb_actions>
				<sum_daily_nb_uniq_visitors>1</sum_daily_nb_uniq_visitors>
			</row>
		</subtable>
	</row>
	<row>
		<label>Not-Bot</label>
		<nb_visits>8</nb_visits>
		<nb_actions>11</nb_actions>
		<max_actions>3</max_actions>
		<sum_visit_length>305</sum_visit_length>
		<bounce_count>6</bounce_count>
		<goals>
			<row idgoal='1'>
				<nb_conversions>6</nb_conversions>
				<nb_visits_converted>6</nb_visits_converted>
				<revenue>30</revenue>
			</row>
		</goals>
		<nb_conversions>6</nb_conversions>
		<revenue>30</revenue>
		<sum_daily_nb_uniq_visitors>8</sum_daily_nb_uniq_visitors>
		<sum_daily_nb_users>0</sum_daily_nb_users>
		<slots>
			<row>
				<scope>visit</scope>
				<index>1</index>
			</row>
		</slots>
		<segment>customVariableName==Not-Bot</segment>
		<subtable>
			<row>
				<label>Mozilla/5.0 (Macintosh; Intel Mac OS X 10_6_7) AppleWebKit/534.24 (KHTML, like Gecko) RockMelt/0.9.58.494 Chrome/11.0.696.71 Safari/534.24</label>
				<nb_visits>5</nb_visits>
				<nb_actions>8</nb_actions>
				<max_actions>3</max_actions>
				<sum_visit_length>305</sum_visit_length>
				<bounce_count>3</bounce_count>
				<goals>
					<row idgoal='1'>
						<nb_conversions>4</nb_conversions>
						<nb_visits_converted>4</nb_visits_converted>
						<revenue>20</revenue>
					</row>
				</goals>
				<nb_conversions>4</nb_conversions>
				<revenue>20</revenue>
				<sum_daily_nb_uniq_visitors>5</sum_daily_nb_uniq_visitors>
				<sum_daily_nb_users>0</sum_daily_nb_users>
			</row>
			<row>
				<label>Apache-HttpClient/4.2.1 (java 1.5)</label>
				<nb_visits>1</nb_visits>
				<nb_actions>1</nb_actions>
				<max_actions>1</max_actions>
				<sum_visit_length>0</sum_visit_length>
				<bounce_count>1</bounce_count>
				<nb_visits_converted>0</nb_visits_converted>
				<sum_daily_nb_uniq_visitors>1</sum_daily_nb_uniq_visitors>
				<sum_daily_nb_users>0</sum_daily_nb_users>
			</row>
			<row>
				<label>Mozilla/5.0 (compatible; MSIE 10.6; Windows NT 6.1; Trident/5.0; InfoPath.2; SLCC1; .NET CLR 3.0.4506.2152; .NET CLR 3.5.30729; .NET CLR 2.0.50727) 3gpp-gba UNTRUSTED/1.0</label>
				<nb_visits>1</nb_visits>
				<nb_actions>1</nb_actions>
				<max_actions>1</max_actions>
				<sum_visit_length>0</sum_visit_length>
				<bounce_count>1</bounce_count>
				<goals>
					<row idgoal='1'>
						<nb_conversions>1</nb_conversions>
						<nb_visits_converted>1</nb_visits_converted>
						<revenue>5</revenue>
					</row>
				</goals>
				<nb_conversions>1</nb_conversions>
				<revenue>5</revenue>
				<sum_daily_nb_uniq_visitors>1</sum_daily_nb_uniq_visitors>
				<sum_daily_nb_users>0</sum_daily_nb_users>
			</row>
			<row>
				<label>Mozilla/5.0 (Linux; U; Android 2.3.5; en-us; HTC Vision Build/GRI40) AppleWebKit/533.1 (KHTML, like Gecko) Version/4.0 Mobile Safari/533.1</label>
				<nb_visits>1</nb_visits>
				<nb_actions>1</nb_actions>
				<max_actions>1</max_actions>
				<sum_visit_length>0</sum_visit_length>
				<bounce_count>1</bounce_count>
				<goals>
					<row idgoal='1'>
						<nb_conversions>1</nb_conversions>
						<nb_visits_converted>1</nb_visits_converted>
						<revenue>5</revenue>
					</row>
				</goals>
				<nb_conversions>1</nb_conversions>
				<revenue>5</revenue>
				<sum_daily_nb_uniq_visitors>1</sum_daily_nb_uniq_visitors>
				<sum_daily_nb_users>0</sum_daily_nb_users>
			</row>
		</subtable>
	</row>
	<row>
		<label>User Name</label>
		<nb_visits>3</nb_visits>
		<nb_actions>5</nb_actions>
		<max_actions>3</max_actions>
		<sum_visit_length>3</sum_visit_length>
		<bounce_count>2</bounce_count>
		<goals>
			<row idgoal='1'>
				<nb_conversions>2</nb_conversions>
				<nb_visits_converted>2</nb_visits_converted>
				<revenue>10</revenue>
			</row>
		</goals>
		<nb_conversions>2</nb_conversions>
		<revenue>10</revenue>
		<sum_daily_nb_uniq_visitors>3</sum_daily_nb_uniq_visitors>
		<sum_daily_nb_users>1</sum_daily_nb_users>
		<slots>
			<row>
				<scope>visit</scope>
				<index>1</index>
			</row>
		</slots>
		<segment>customVariableName==User+Name</segment>
		<subtable>
			<row>
				<label>user1</label>
				<nb_visits>2</nb_visits>
				<nb_actions>4</nb_actions>
				<max_actions>3</max_actions>
				<sum_visit_length>2</sum_visit_length>
				<bounce_count>1</bounce_count>
				<goals>
					<row idgoal='1'>
						<nb_conversions>1</nb_conversions>
						<nb_visits_converted>1</nb_visits_converted>
						<revenue>5</revenue>
					</row>
				</goals>
				<nb_conversions>1</nb_conversions>
				<revenue>5</revenue>
				<sum_daily_nb_uniq_visitors>2</sum_daily_nb_uniq_visitors>
				<sum_daily_nb_users>1</sum_daily_nb_users>
			</row>
			<row>
				<label>user2</label>
				<nb_visits>1</nb_visits>
				<nb_actions>1</nb_actions>
				<max_actions>1</max_actions>
				<sum_visit_length>1</sum_visit_length>
				<bounce_count>1</bounce_count>
				<goals>
					<row idgoal='1'>
						<nb_conversions>1</nb_conversions>
						<nb_visits_converted>1</nb_visits_converted>
						<revenue>5</revenue>
					</row>
				</goals>
				<nb_conversions>1</nb_conversions>
				<revenue>5</revenue>
				<sum_daily_nb_uniq_visitors>1</sum_daily_nb_uniq_visitors>
				<sum_daily_nb_users>0</sum_daily_nb_users>
			</row>
		</subtable>
	</row>
	<row>
		<label>Generation Time</label>
		<nb_actions>4</nb_actions>
		<slots>
			<row>
				<scope>page</scope>
				<index>1</index>
			</row>
		</slots>
		<segment>customVariableName==Generation+Time</segment>
		<subtable>
			<row>
				<label>359</label>
				<nb_visits>2</nb_visits>
				<nb_actions>2</nb_actions>
				<sum_daily_nb_uniq_visitors>1</sum_daily_nb_uniq_visitors>
			</row>
			<row>
				<label>0</label>
				<nb_visits>1</nb_visits>
				<nb_actions>1</nb_actions>
				<sum_daily_nb_uniq_visitors>1</sum_daily_nb_uniq_visitors>
			</row>
			<row>
				<label>109</label>
				<nb_visits>1</nb_visits>
				<nb_actions>1</nb_actions>
				<sum_daily_nb_uniq_visitors>1</sum_daily_nb_uniq_visitors>
			</row>
		</subtable>
	</row>
	<row>
		<label>Windows Status Code</label>
		<nb_actions>4</nb_actions>
		<slots>
			<row>
				<scope>page</scope>
				<index>2</index>
			</row>
		</slots>
		<segment>customVariableName==Windows+Status+Code</segment>
		<subtable>
			<row>
				<label>24</label>
				<nb_visits>1</nb_visits>
				<nb_actions>1</nb_actions>
				<sum_daily_nb_uniq_visitors>1</sum_daily_nb_uniq_visitors>
			</row>
			<row>
				<label>32</label>
				<nb_visits>1</nb_visits>
				<nb_actions>1</nb_actions>
				<sum_daily_nb_uniq_visitors>1</sum_daily_nb_uniq_visitors>
			</row>
			<row>
				<label>42</label>
				<nb_visits>1</nb_visits>
				<nb_actions>1</nb_actions>
				<sum_daily_nb_uniq_visitors>1</sum_daily_nb_uniq_visitors>
			</row>
			<row>
				<label>96</label>
				<nb_visits>1</nb_visits>
				<nb_actions>1</nb_actions>
				<sum_daily_nb_uniq_visitors>1</sum_daily_nb_uniq_visitors>
			</row>
		</subtable>
	</row>
	<row>
		<label>Bot</label>
		<nb_visits>1</nb_visits>
		<nb_actions>1</nb_actions>
		<max_actions>1</max_actions>
		<sum_visit_length>0</sum_visit_length>
		<bounce_count>1</bounce_count>
		<goals>
			<row idgoal='1'>
				<nb_conversions>1</nb_conversions>
				<nb_visits_converted>1</nb_visits_converted>
				<revenue>5</revenue>
			</row>
		</goals>
		<nb_conversions>1</nb_conversions>
		<revenue>5</revenue>
		<sum_daily_nb_uniq_visitors>1</sum_daily_nb_uniq_visitors>
		<sum_daily_nb_users>0</sum_daily_nb_users>
		<slots>
			<row>
				<scope>visit</scope>
				<index>1</index>
			</row>
		</slots>
		<segment>customVariableName==Bot</segment>
		<subtable>
			<row>
				<label>Googlebot/2.1 ( http://www.googlebot.com/bot.html)</label>
				<nb_visits>1</nb_visits>
				<nb_actions>1</nb_actions>
				<max_actions>1</max_actions>
				<sum_visit_length>0</sum_visit_length>
				<bounce_count>1</bounce_count>
				<goals>
					<row idgoal='1'>
						<nb_conversions>1</nb_conversions>
						<nb_visits_converted>1</nb_visits_converted>
						<revenue>5</revenue>
					</row>
				</goals>
				<nb_conversions>1</nb_conversions>
				<revenue>5</revenue>
				<sum_daily_nb_uniq_visitors>1</sum_daily_nb_uniq_visitors>
				<sum_daily_nb_users>0</sum_daily_nb_users>
			</row>
		</subtable>
	</row>
	<row>
		<label>Forum status</label>
		<nb_visits>1</nb_visits>
		<nb_actions>1</nb_actions>
		<max_actions>1</max_actions>
		<sum_visit_length>0</sum_visit_length>
		<bounce_count>1</bounce_count>
		<goals>
			<row idgoal='1'>
				<nb_conversions>1</nb_conversions>
				<nb_visits_converted>1</nb_visits_converted>
				<revenue>5</revenue>
			</row>
		</goals>
		<nb_conversions>1</nb_conversions>
		<revenue>5</revenue>
		<sum_daily_nb_uniq_visitors>1</sum_daily_nb_uniq_visitors>
		<sum_daily_nb_users>0</sum_daily_nb_users>
		<slots>
			<row>
				<scope>visit</scope>
				<index>3</index>
			</row>
		</slots>
		<segment>customVariableName==Forum+status</segment>
		<subtable>
			<row>
				<label>Anonymous</label>
				<nb_visits>1</nb_visits>
				<nb_actions>1</nb_actions>
				<max_actions>1</max_actions>
				<sum_visit_length>0</sum_visit_length>
				<bounce_count>1</bounce_count>
				<goals>
					<row idgoal='1'>
						<nb_conversions>1</nb_conversions>
						<nb_visits_converted>1</nb_visits_converted>
						<revenue>5</revenue>
					</row>
				</goals>
				<nb_conversions>1</nb_conversions>
				<revenue>5</revenue>
				<sum_daily_nb_uniq_visitors>1</sum_daily_nb_uniq_visitors>
				<sum_daily_nb_users>0</sum_daily_nb_users>
			</row>
		</subtable>
	</row>
	<row>
		<label>VisitorType</label>
		<nb_visits>1</nb_visits>
		<nb_actions>1</nb_actions>
		<max_actions>1</max_actions>
		<sum_visit_length>0</sum_visit_length>
		<bounce_count>1</bounce_count>
		<goals>
			<row idgoal='1'>
				<nb_conversions>1</nb_conversions>
				<nb_visits_converted>1</nb_visits_converted>
				<revenue>5</revenue>
			</row>
		</goals>
		<nb_conversions>1</nb_conversions>
		<revenue>5</revenue>
		<sum_daily_nb_uniq_visitors>1</sum_daily_nb_uniq_visitors>
		<sum_daily_nb_users>0</sum_daily_nb_users>
		<slots>
			<row>
				<scope>visit</scope>
				<index>5</index>
			</row>
		</slots>
		<segment>customVariableName==VisitorType</segment>
		<subtable>
			<row>
				<label>NewLoggedOut</label>
				<nb_visits>1</nb_visits>
				<nb_actions>1</nb_actions>
				<max_actions>1</max_actions>
				<sum_visit_length>0</sum_visit_length>
				<bounce_count>1</bounce_count>
				<goals>
					<row idgoal='1'>
						<nb_conversions>1</nb_conversions>
						<nb_visits_converted>1</nb_visits_converted>
						<revenue>5</revenue>
					</row>
				</goals>
				<nb_conversions>1</nb_conversions>
				<revenue>5</revenue>
				<sum_daily_nb_uniq_visitors>1</sum_daily_nb_uniq_visitors>
				<sum_daily_nb_users>0</sum_daily_nb_users>
			</row>
		</subtable>
	</row>
</result>