<?xml version="1.0" encoding="utf-8" ?>
<result>
	<row>
		<scope>visit</scope>
		<index>1</index>
		<usages>
			<row>
				<name>Domain landed</name>
				<nb_visits>12</nb_visits>
				<nb_actions>16</nb_actions>
			</row>
			<row>
				<name>Not-Bot</name>
				<nb_visits>8</nb_visits>
				<nb_actions>11</nb_actions>
			</row>
			<row>
				<name>User Name</name>
				<nb_visits>3</nb_visits>
				<nb_actions>5</nb_actions>
			</row>
			<row>
				<name>Bot</name>
				<nb_visits>1</nb_visits>
				<nb_actions>1</nb_actions>
			</row>
		</usages>
	</row>
	<row>
		<scope>visit</scope>
		<index>2</index>
		<usages>
			<row>
				<name>Demo language</name>
				<nb_visits>1</nb_visits>
				<nb_actions>1</nb_actions>
			</row>
		</usages>
	</row>
	<row>
		<scope>visit</scope>
		<index>3</index>
		<usages>
			<row>
				<name>Forum status</name>
				<nb_visits>1</nb_visits>
				<nb_actions>1</nb_actions>
			</row>
		</usages>
	</row>
	<row>
		<scope>visit</scope>
		<index>4</index>
		<usages>
		</usages>
	</row>
	<row>
		<scope>visit</scope>
		<index>5</index>
		<usages>
			<row>
				<name>VisitorType</name>
				<nb_visits>1</nb_visits>
				<nb_actions>1</nb_actions>
			</row>
		</usages>
	</row>
	<row>
		<scope>page</scope>
		<index>1</index>
		<usages>
			<row>
				<name>HTTP-code</name>
				<nb_visits>0</nb_visits>
				<nb_actions>76</nb_actions>
			</row>
			<row>
				<name>Generation Time</name>
				<nb_visits>0</nb_visits>
				<nb_actions>4</nb_actions>
			</row>
		</usages>
	</row>
	<row>
		<scope>page</scope>
		<index>2</index>
		<usages>
			<row>
				<name>Windows Status Code</name>
				<nb_visits>0</nb_visits>
				<nb_actions>4</nb_actions>
			</row>
		</usages>
	</row>
	<row>
		<scope>page</scope>
		<index>3</index>
		<usages>
			<row>
				<name>HTTP-code</name>
				<nb_visits>0</nb_visits>
				<nb_actions>76</nb_actions>
			</row>
		</usages>
	</row>
	<row>
		<scope>page</scope>
		<index>4</index>
		<usages>
		</usages>
	</row>
	<row>
		<scope>page</scope>
		<index>5</index>
		<usages>
		</usages>
	</row>
</result>