<?xml version="1.0" encoding="utf-8" ?>
<results>
	<result idSite="1">
		<result date="2009-12-28,2010-01-03">
			<row>
				<label>referrer.com</label>
				<nb_visits>1</nb_visits>
				<nb_actions>1</nb_actions>
				<max_actions>1</max_actions>
				<sum_visit_length>0</sum_visit_length>
				<bounce_count>1</bounce_count>
				<nb_visits_converted>0</nb_visits_converted>
				<sum_daily_nb_uniq_visitors>1</sum_daily_nb_uniq_visitors>
				<sum_daily_nb_users>0</sum_daily_nb_users>
				<segment>referrerName==referrer.com</segment>
				<subtable>
					<row>
						<label>http://referrer.com/page.htm?param=valuewith some spaces</label>
						<nb_visits>1</nb_visits>
						<nb_actions>1</nb_actions>
						<max_actions>1</max_actions>
						<sum_visit_length>0</sum_visit_length>
						<bounce_count>1</bounce_count>
						<nb_visits_converted>0</nb_visits_converted>
						<sum_daily_nb_uniq_visitors>1</sum_daily_nb_uniq_visitors>
						<sum_daily_nb_users>0</sum_daily_nb_users>
					</row>
				</subtable>
			</row>
		</result>
		<result date="2010-01-04,2010-01-10">
			<row>
				<label>referrer.com</label>
				<nb_visits>4</nb_visits>
				<nb_actions>16</nb_actions>
				<max_actions>5</max_actions>
				<sum_visit_length>2703</sum_visit_length>
				<bounce_count>1</bounce_count>
				<nb_visits_converted>0</nb_visits_converted>
				<sum_daily_nb_uniq_visitors>4</sum_daily_nb_uniq_visitors>
				<sum_daily_nb_users>0</sum_daily_nb_users>
				<segment>referrerName==referrer.com</segment>
				<subtable>
					<row>
						<label>https://referrer.com/Other_Page.htm</label>
						<nb_visits>2</nb_visits>
						<nb_actions>10</nb_actions>
						<max_actions>5</max_actions>
						<sum_visit_length>1802</sum_visit_length>
						<bounce_count>0</bounce_count>
						<nb_visits_converted>0</nb_visits_converted>
						<sum_daily_nb_uniq_visitors>2</sum_daily_nb_uniq_visitors>
						<sum_daily_nb_users>0</sum_daily_nb_users>
					</row>
					<row>
						<label>http://referrer.com/Other_Page.htm</label>
						<nb_visits>1</nb_visits>
						<nb_actions>5</nb_actions>
						<max_actions>5</max_actions>
						<sum_visit_length>901</sum_visit_length>
						<bounce_count>0</bounce_count>
						<nb_visits_converted>0</nb_visits_converted>
						<sum_daily_nb_uniq_visitors>1</sum_daily_nb_uniq_visitors>
						<sum_daily_nb_users>0</sum_daily_nb_users>
					</row>
					<row>
						<label>http://referrer.com/page.htm?param=valuewith some spaces</label>
						<nb_visits>1</nb_visits>
						<nb_actions>1</nb_actions>
						<max_actions>1</max_actions>
						<sum_visit_length>0</sum_visit_length>
						<bounce_count>1</bounce_count>
						<nb_visits_converted>0</nb_visits_converted>
						<sum_daily_nb_uniq_visitors>1</sum_daily_nb_uniq_visitors>
						<sum_daily_nb_users>0</sum_daily_nb_users>
					</row>
				</subtable>
			</row>
		</result>
		<result date="2010-01-11,2010-01-17">
			<row>
				<label>referrer.com</label>
				<nb_visits>1</nb_visits>
				<nb_actions>5</nb_actions>
				<max_actions>5</max_actions>
				<sum_visit_length>901</sum_visit_length>
				<bounce_count>0</bounce_count>
				<nb_visits_converted>0</nb_visits_converted>
				<sum_daily_nb_uniq_visitors>1</sum_daily_nb_uniq_visitors>
				<sum_daily_nb_users>0</sum_daily_nb_users>
				<segment>referrerName==referrer.com</segment>
				<subtable>
					<row>
						<label>http://referrer.com/Other_Page.htm</label>
						<nb_visits>1</nb_visits>
						<nb_actions>5</nb_actions>
						<max_actions>5</max_actions>
						<sum_visit_length>901</sum_visit_length>
						<bounce_count>0</bounce_count>
						<nb_visits_converted>0</nb_visits_converted>
						<sum_daily_nb_uniq_visitors>1</sum_daily_nb_uniq_visitors>
						<sum_daily_nb_users>0</sum_daily_nb_users>
					</row>
				</subtable>
			</row>
		</result>
		<result date="2010-01-18,2010-01-24" />
		<result date="2010-01-25,2010-01-31" />
		<result date="2010-02-01,2010-02-07" />
		<result date="2010-02-08,2010-02-14" />
	</result>
	<result idSite="2">
		<result date="2009-12-28,2010-01-03" />
		<result date="2010-01-04,2010-01-10">
			<row>
				<label>only-homepage-referrer.com</label>
				<nb_visits>1</nb_visits>
				<nb_actions>3</nb_actions>
				<max_actions>3</max_actions>
				<sum_visit_length>1</sum_visit_length>
				<bounce_count>0</bounce_count>
				<nb_visits_converted>0</nb_visits_converted>
				<sum_daily_nb_uniq_visitors>1</sum_daily_nb_uniq_visitors>
				<sum_daily_nb_users>0</sum_daily_nb_users>
				<segment>referrerName==only-homepage-referrer.com</segment>
				<subtable>
					<row>
						<label>http://only-homepage-referrer.com/</label>
						<nb_visits>1</nb_visits>
						<nb_actions>3</nb_actions>
						<max_actions>3</max_actions>
						<sum_visit_length>1</sum_visit_length>
						<bounce_count>0</bounce_count>
						<nb_visits_converted>0</nb_visits_converted>
						<sum_daily_nb_uniq_visitors>1</sum_daily_nb_uniq_visitors>
						<sum_daily_nb_users>0</sum_daily_nb_users>
					</row>
				</subtable>
			</row>
		</result>
		<result date="2010-01-11,2010-01-17" />
		<result date="2010-01-18,2010-01-24" />
		<result date="2010-01-25,2010-01-31" />
		<result date="2010-02-01,2010-02-07" />
		<result date="2010-02-08,2010-02-14" />
	</result>
</results>