January 2010. 11 Visits (+100%), 43 Actions (+100%)