<?xml version="1.0" encoding="utf-8" ?>
<results>
	<result date="2008-12-29,2009-01-04" />
	<result date="2009-01-05,2009-01-11" />
	<result date="2009-01-12,2009-01-18" />
	<result date="2009-01-19,2009-01-25" />
	<result date="2009-01-26,2009-02-01" />
	<result date="2009-02-02,2009-02-08" />
	<result date="2009-02-09,2009-02-15" />
</results>