<?xml version="1.0" encoding="utf-8" ?>
<results>
	<result idSite="1">
		<nb_visits>34</nb_visits>
		<nb_actions>46</nb_actions>
		<nb_visits_converted>32</nb_visits_converted>
		<bounce_count>31</bounce_count>
		<sum_visit_length>359</sum_visit_length>
		<max_actions>10</max_actions>
		<bounce_rate>91%</bounce_rate>
		<nb_actions_per_visit>1.4</nb_actions_per_visit>
		<avg_time_on_site>11</avg_time_on_site>
	</result>
	<result idSite="2">
		<nb_visits>1</nb_visits>
		<nb_actions>1</nb_actions>
		<nb_visits_converted>0</nb_visits_converted>
		<bounce_count>1</bounce_count>
		<sum_visit_length>0</sum_visit_length>
		<max_actions>1</max_actions>
		<bounce_rate>100%</bounce_rate>
		<nb_actions_per_visit>1</nb_actions_per_visit>
		<avg_time_on_site>0</avg_time_on_site>
	</result>
	<result idSite="3">
		<nb_visits>3</nb_visits>
		<nb_actions>5</nb_actions>
		<nb_visits_converted>0</nb_visits_converted>
		<bounce_count>2</bounce_count>
		<sum_visit_length>1</sum_visit_length>
		<max_actions>3</max_actions>
		<bounce_rate>67%</bounce_rate>
		<nb_actions_per_visit>1.7</nb_actions_per_visit>
		<avg_time_on_site>0</avg_time_on_site>
	</result>
</results>