<?xml version="1.0" encoding="utf-8" ?>
<result>
	<row>
		<label>Unknown</label>
		<nb_visits>40</nb_visits>
		<nb_actions>45</nb_actions>
		<max_actions>3</max_actions>
		<sum_visit_length>549</sum_visit_length>
		<bounce_count>36</bounce_count>
		<goals>
			<row idgoal='1'>
				<nb_conversions>36</nb_conversions>
				<nb_visits_converted>36</nb_visits_converted>
				<revenue>180</revenue>
			</row>
		</goals>
		<nb_conversions>36</nb_conversions>
		<revenue>180</revenue>
		<sum_daily_nb_uniq_visitors>38</sum_daily_nb_uniq_visitors>
		<sum_daily_nb_users>2</sum_daily_nb_users>
		<nb_visits_converted>0</nb_visits_converted>
		<logo>plugins/Morpheus/icons/dist/brand/unk.png</logo>
		<segment>deviceBrand==Unknown</segment>
	</row>
	<row>
		<label>HTC</label>
		<nb_visits>2</nb_visits>
		<nb_actions>2</nb_actions>
		<max_actions>1</max_actions>
		<sum_visit_length>0</sum_visit_length>
		<bounce_count>2</bounce_count>
		<goals>
			<row idgoal='1'>
				<nb_conversions>2</nb_conversions>
				<nb_visits_converted>2</nb_visits_converted>
				<revenue>10</revenue>
			</row>
		</goals>
		<nb_conversions>2</nb_conversions>
		<revenue>10</revenue>
		<sum_daily_nb_uniq_visitors>2</sum_daily_nb_uniq_visitors>
		<sum_daily_nb_users>0</sum_daily_nb_users>
		<logo>plugins/Morpheus/icons/dist/brand/HTC.png</logo>
		<segment>deviceBrand==HTC</segment>
	</row>
	<row>
		<label>Apple</label>
		<nb_visits>1</nb_visits>
		<nb_actions>1</nb_actions>
		<max_actions>1</max_actions>
		<sum_visit_length>0</sum_visit_length>
		<bounce_count>1</bounce_count>
		<goals>
			<row idgoal='1'>
				<nb_conversions>1</nb_conversions>
				<nb_visits_converted>1</nb_visits_converted>
				<revenue>5</revenue>
			</row>
		</goals>
		<nb_conversions>1</nb_conversions>
		<revenue>5</revenue>
		<sum_daily_nb_uniq_visitors>1</sum_daily_nb_uniq_visitors>
		<sum_daily_nb_users>0</sum_daily_nb_users>
		<logo>plugins/Morpheus/icons/dist/brand/Apple.png</logo>
		<segment>deviceBrand==Apple</segment>
	</row>
	<row>
		<label>Samsung</label>
		<nb_visits>1</nb_visits>
		<nb_actions>3</nb_actions>
		<max_actions>3</max_actions>
		<sum_visit_length>2</sum_visit_length>
		<bounce_count>0</bounce_count>
		<goals>
			<row idgoal='1'>
				<nb_conversions>1</nb_conversions>
				<nb_visits_converted>1</nb_visits_converted>
				<revenue>5</revenue>
			</row>
		</goals>
		<nb_conversions>1</nb_conversions>
		<revenue>5</revenue>
		<sum_daily_nb_uniq_visitors>1</sum_daily_nb_uniq_visitors>
		<sum_daily_nb_users>1</sum_daily_nb_users>
		<logo>plugins/Morpheus/icons/dist/brand/Samsung.png</logo>
		<segment>deviceBrand==Samsung</segment>
	</row>
</result>