<?xml version="1.0" encoding="utf-8" ?>
<result>
	<row>
		<label>Monday</label>
		<nb_visits>2</nb_visits>
		<nb_uniq_visitors>2</nb_uniq_visitors>
		<nb_actions>2</nb_actions>
		<nb_users>0</nb_users>
		<sum_visit_length>0</sum_visit_length>
		<bounce_count>2</bounce_count>
		<nb_visits_converted>2</nb_visits_converted>
		<day_of_week>1</day_of_week>
	</row>
	<row>
		<label>Tuesday</label>
		<nb_visits>0</nb_visits>
		<day_of_week>2</day_of_week>
	</row>
	<row>
		<label>Wednesday</label>
		<nb_visits>7</nb_visits>
		<nb_uniq_visitors>5</nb_uniq_visitors>
		<nb_actions>10</nb_actions>
		<nb_users>2</nb_users>
		<sum_visit_length>4</sum_visit_length>
		<bounce_count>5</bounce_count>
		<nb_visits_converted>7</nb_visits_converted>
		<day_of_week>3</day_of_week>
	</row>
	<row>
		<label>Thursday</label>
		<nb_visits>13</nb_visits>
		<nb_uniq_visitors>13</nb_uniq_visitors>
		<nb_actions>14</nb_actions>
		<nb_users>0</nb_users>
		<sum_visit_length>242</sum_visit_length>
		<bounce_count>12</bounce_count>
		<nb_visits_converted>13</nb_visits_converted>
		<day_of_week>4</day_of_week>
	</row>
	<row>
		<label>Friday</label>
		<nb_visits>8</nb_visits>
		<nb_uniq_visitors>8</nb_uniq_visitors>
		<nb_actions>8</nb_actions>
		<nb_users>0</nb_users>
		<sum_visit_length>0</sum_visit_length>
		<bounce_count>8</bounce_count>
		<nb_visits_converted>8</nb_visits_converted>
		<day_of_week>5</day_of_week>
	</row>
	<row>
		<label>Saturday</label>
		<nb_visits>11</nb_visits>
		<nb_uniq_visitors>11</nb_uniq_visitors>
		<nb_actions>14</nb_actions>
		<nb_users>1</nb_users>
		<sum_visit_length>305</sum_visit_length>
		<bounce_count>9</bounce_count>
		<nb_visits_converted>9</nb_visits_converted>
		<day_of_week>6</day_of_week>
	</row>
	<row>
		<label>Sunday</label>
		<nb_visits>3</nb_visits>
		<nb_uniq_visitors>3</nb_uniq_visitors>
		<nb_actions>3</nb_actions>
		<nb_users>0</nb_users>
		<sum_visit_length>0</sum_visit_length>
		<bounce_count>3</bounce_count>
		<nb_visits_converted>1</nb_visits_converted>
		<day_of_week>7</day_of_week>
	</row>
</result>