<?xml version="1.0" encoding="utf-8" ?>
<result>
	<row>
		<label>Others</label>
		<nb_actions>60</nb_actions>
	</row>
	<row>
		<label>name - Others</label>
		<nb_visits>19</nb_visits>
		<nb_actions>19</nb_actions>
	</row>
	<row>
		<label>liked - y</label>
		<nb_visits>16</nb_visits>
		<nb_actions>16</nb_actions>
	</row>
	<row>
		<label>liked - Others</label>
		<nb_visits>4</nb_visits>
		<nb_actions>4</nb_actions>
	</row>
	<row>
		<label>name - thing0</label>
		<nb_visits>1</nb_visits>
		<nb_actions>1</nb_actions>
	</row>
</result>