<?xml version="1.0" encoding="utf-8" ?>
<result>
	<row>
		<label>Banks Own The World</label>
		<nb_visits>1</nb_visits>
		<nb_hits>1</nb_hits>
		<sum_time_spent>108</sum_time_spent>
		<sum_bandwidth>0</sum_bandwidth>
		<nb_hits_with_bandwidth>0</nb_hits_with_bandwidth>
		<min_bandwidth />
		<max_bandwidth />
		<nb_pages_per_search>1</nb_pages_per_search>
		<avg_bandwidth>0</avg_bandwidth>
		<avg_time_on_page>108</avg_time_on_page>
		<bounce_rate>0%</bounce_rate>
		<exit_rate>0%</exit_rate>
	</row>
</result>