<?xml version="1.0" encoding="utf-8" ?>
<result>
	<nb_total_overall_bandwidth>0</nb_total_overall_bandwidth>
	<nb_total_pageview_bandwidth>0</nb_total_pageview_bandwidth>
	<nb_total_download_bandwidth>0</nb_total_download_bandwidth>
</result>