<?xml version="1.0" encoding="utf-8" ?>
<result>
	<row>
		<label>United Kingdom</label>
		<nb_visits>4</nb_visits>
		<nb_actions>12</nb_actions>
		<max_actions>5</max_actions>
		<sum_visit_length>3242</sum_visit_length>
		<bounce_count>2</bounce_count>
		<goals>
			<row idgoal='1'>
				<nb_conversions>4</nb_conversions>
				<nb_visits_converted>4</nb_visits_converted>
				<revenue>20</revenue>
			</row>
			<row idgoal='2'>
				<nb_conversions>2</nb_conversions>
				<nb_visits_converted>2</nb_visits_converted>
				<revenue>10</revenue>
			</row>
		</goals>
		<nb_conversions>6</nb_conversions>
		<revenue>30</revenue>
		<sum_daily_nb_uniq_visitors>2</sum_daily_nb_uniq_visitors>
		<sum_daily_nb_users>0</sum_daily_nb_users>
		<code>gb</code>
		<logo>plugins/Morpheus/icons/dist/flags/gb.png</logo>
		<segment>countryCode==gb</segment>
		<logoHeight>16</logoHeight>
	</row>
</result>