<?xml version="1.0" encoding="utf-8" ?>
<result>
	<row>
		<idSite>1</idSite>
		<idVisit>2</idVisit>
		<visitIp>156.5.0.0</visitIp>
		
		<actionDetails>
			<row>
				<type>action</type>
				<url>http://example.org/this%20is%20cool!?filter=&lt;script&gt;alert(1);&lt;/script&gt;{&quot;place&quot;:{&quot;place&quot;:&quot;0c5b2444-70a0-4932-980c-b4dc0d3f02b5&quot;}}</url>
				<pageTitle />
				<pageIdAction>2</pageIdAction>
				
				
				<pageId>2</pageId>
				<bandwidth />
				<interactionPosition>1</interactionPosition>
				<icon />
				
				<bandwidth_pretty>0 M</bandwidth_pretty>
			</row>
		</actionDetails>
		<goalConversions>0</goalConversions>
		<siteCurrency>USD</siteCurrency>
		<siteCurrencySymbol>$</siteCurrencySymbol>
		
		
		
		
		
		
		
		
		
		
		<userId />
		<visitorType>new</visitorType>
		<visitorTypeIcon />
		<visitConverted>0</visitConverted>
		<visitConvertedIcon />
		<visitCount>1</visitCount>
		<visitEcommerceStatus>none</visitEcommerceStatus>
		<visitEcommerceStatusIcon />
		<daysSinceFirstVisit>0</daysSinceFirstVisit>
		<daysSinceLastEcommerceOrder>0</daysSinceLastEcommerceOrder>
		<visitDuration>0</visitDuration>
		<visitDurationPretty>0s</visitDurationPretty>
		<searches>0</searches>
		<actions>1</actions>
		<interactions>1</interactions>
		<referrerType>search</referrerType>
		<referrerTypeName>Moteurs de recherche</referrerTypeName>
		<referrerName>Google</referrerName>
		<referrerKeyword>&lt;&gt;&amp;\&quot;the pdo extension is required for this adapter but the extension is not loaded</referrerKeyword>
		<referrerKeywordPosition>4</referrerKeywordPosition>
		<referrerUrl>http://www.google.com.vn/url?sa=t&amp;rct=j&amp;q=%3C%3E%26%5C%22the%20pdo%20extension%20is%20required%20for%20this%20adapter%20but%20the%20extension%20is%20not%20loaded&amp;source=web&amp;cd=4&amp;ved=0FjAD&amp;url=http%3A%2F%2Fforum.piwik.org%2Fread.php%3F2%2C1011&amp;ei=y-HHAQ&amp;usg=AFQjCN2-nt5_GgDeg&amp;cad=rja</referrerUrl>
		<referrerSearchEngineUrl>http://google.com</referrerSearchEngineUrl>
		<referrerSearchEngineIcon>plugins/Morpheus/icons/dist/searchEngines/google.com.png</referrerSearchEngineIcon>
		<languageCode>fr</languageCode>
		<language>Français</language>
		<deviceType>Inconnu</deviceType>
		<deviceTypeIcon>plugins/Morpheus/icons/dist/devices/unknown.png</deviceTypeIcon>
		<deviceBrand>Inconnu</deviceBrand>
		<deviceModel />
		<operatingSystem>Bot</operatingSystem>
		<operatingSystemName>Bot</operatingSystemName>
		<operatingSystemIcon>plugins/Morpheus/icons/dist/os/UNK.png</operatingSystemIcon>
		<operatingSystemCode>BOT</operatingSystemCode>
		<operatingSystemVersion>UNK</operatingSystemVersion>
		<browserFamily />
		<browserFamilyDescription>Inconnu</browserFamilyDescription>
		<browser>Inconnu</browser>
		<browserName>Inconnu</browserName>
		<browserIcon>plugins/Morpheus/icons/dist/browsers/UNK.png</browserIcon>
		<browserCode>UNK</browserCode>
		<browserVersion />
		<totalEcommerceRevenue>0</totalEcommerceRevenue>
		<totalEcommerceConversions>0</totalEcommerceConversions>
		<totalEcommerceItems>0</totalEcommerceItems>
		<totalAbandonedCartsRevenue>0</totalAbandonedCartsRevenue>
		<totalAbandonedCarts>0</totalAbandonedCarts>
		<totalAbandonedCartsItems>0</totalAbandonedCartsItems>
		<events>0</events>
		<continent>Europe</continent>
		<continentCode>eur</continentCode>
		<country>France</country>
		<countryCode>fr</countryCode>
		<countryFlag>plugins/Morpheus/icons/dist/flags/fr.png</countryFlag>
		<region />
		<regionCode />
		<city />
		<location>France</location>
		<latitude />
		<longitude />
		<visitLocalTime>12:34:06</visitLocalTime>
		<visitLocalHour>12</visitLocalHour>
		<daysSinceLastVisit>0</daysSinceLastVisit>
		<customVariables>
		</customVariables>
		<resolution>1024x768</resolution>
		<plugins>cookie, flash, java</plugins>
		<pluginsIcons>
			<row>
				<pluginIcon>plugins/Morpheus/icons/dist/plugins/cookie.png</pluginIcon>
				<pluginName>cookie</pluginName>
			</row>
			<row>
				<pluginIcon>plugins/Morpheus/icons/dist/plugins/flash.png</pluginIcon>
				<pluginName>flash</pluginName>
			</row>
			<row>
				<pluginIcon>plugins/Morpheus/icons/dist/plugins/java.png</pluginIcon>
				<pluginName>java</pluginName>
			</row>
		</pluginsIcons>
	</row>
	<row>
		<idSite>1</idSite>
		<idVisit>1</idVisit>
		<visitIp>156.5.0.0</visitIp>
		
		<actionDetails>
			<row>
				<type>action</type>
				<url>http://example.org/this%20is%20cool!?filter=&lt;script&gt;alert(1);&lt;/script&gt;{&quot;place&quot;:{&quot;place&quot;:&quot;0c5b2444-70a0-4932-980c-b4dc0d3f02b5&quot;}}</url>
				<pageTitle>incredible title! (Page URL contains a HTML entity)</pageTitle>
				<pageIdAction>2</pageIdAction>
				
				
				<pageId>1</pageId>
				<bandwidth />
				<timeSpent>1084</timeSpent>
				<timeSpentPretty>18 min 4s</timeSpentPretty>
				<interactionPosition>1</interactionPosition>
				<icon />
				
				<bandwidth_pretty>0 M</bandwidth_pretty>
			</row>
			<row>
				<type>goal</type>
				<goalName>triggered js</goalName>
				<goalId>1</goalId>
				<revenue>42</revenue>
				<goalPageId />
				
				<url>http://example.org/this%20is%20cool!?filter=&lt;script&gt;alert(1);&lt;/script&gt;{&quot;place&quot;:{&quot;place&quot;:&quot;0c5b2444-70a0-4932-980c-b4dc0d3f02b5&quot;}}</url>
				<icon>plugins/Morpheus/images/goal.png</icon>
				
			</row>
		</actionDetails>
		<goalConversions>1</goalConversions>
		<siteCurrency>USD</siteCurrency>
		<siteCurrencySymbol>$</siteCurrencySymbol>
		
		
		
		
		
		
		
		
		
		
		<userId />
		<visitorType>new</visitorType>
		<visitorTypeIcon />
		<visitConverted>1</visitConverted>
		<visitConvertedIcon>plugins/Morpheus/images/goal.png</visitConvertedIcon>
		<visitCount>1</visitCount>
		<visitEcommerceStatus>none</visitEcommerceStatus>
		<visitEcommerceStatusIcon />
		<daysSinceFirstVisit>0</daysSinceFirstVisit>
		<daysSinceLastEcommerceOrder>0</daysSinceLastEcommerceOrder>
		<visitDuration>1084</visitDuration>
		<visitDurationPretty>18 min 4s</visitDurationPretty>
		<searches>0</searches>
		<actions>1</actions>
		<interactions>1</interactions>
		<referrerType>search</referrerType>
		<referrerTypeName>Moteurs de recherche</referrerTypeName>
		<referrerName>Google</referrerName>
		<referrerKeyword>Mot-clé indéfini</referrerKeyword>
		<referrerKeywordPosition>1</referrerKeywordPosition>
		<referrerUrl>http://www.google.com/url?sa=t&amp;rct=j&amp;q=&amp;esrc=s&amp;source=web&amp;cd=1&amp;ved=0CC&amp;url=http%3A%2F%2Fpiwik.org%2F&amp;ei=&amp;usg=</referrerUrl>
		<referrerSearchEngineUrl>http://google.com</referrerSearchEngineUrl>
		<referrerSearchEngineIcon>plugins/Morpheus/icons/dist/searchEngines/google.com.png</referrerSearchEngineIcon>
		<languageCode>fr</languageCode>
		<language>Français</language>
		<deviceType>Inconnu</deviceType>
		<deviceTypeIcon>plugins/Morpheus/icons/dist/devices/unknown.png</deviceTypeIcon>
		<deviceBrand>Inconnu</deviceBrand>
		<deviceModel />
		<operatingSystem>Bot</operatingSystem>
		<operatingSystemName>Bot</operatingSystemName>
		<operatingSystemIcon>plugins/Morpheus/icons/dist/os/UNK.png</operatingSystemIcon>
		<operatingSystemCode>BOT</operatingSystemCode>
		<operatingSystemVersion>UNK</operatingSystemVersion>
		<browserFamily />
		<browserFamilyDescription>Inconnu</browserFamilyDescription>
		<browser>Inconnu</browser>
		<browserName>Inconnu</browserName>
		<browserIcon>plugins/Morpheus/icons/dist/browsers/UNK.png</browserIcon>
		<browserCode>UNK</browserCode>
		<browserVersion />
		<totalEcommerceRevenue>0</totalEcommerceRevenue>
		<totalEcommerceConversions>0</totalEcommerceConversions>
		<totalEcommerceItems>0</totalEcommerceItems>
		<totalAbandonedCartsRevenue>0</totalAbandonedCartsRevenue>
		<totalAbandonedCarts>0</totalAbandonedCarts>
		<totalAbandonedCartsItems>0</totalAbandonedCartsItems>
		<events>0</events>
		<continent>Europe</continent>
		<continentCode>eur</continentCode>
		<country>France</country>
		<countryCode>fr</countryCode>
		<countryFlag>plugins/Morpheus/icons/dist/flags/fr.png</countryFlag>
		<region />
		<regionCode />
		<city />
		<location>France</location>
		<latitude />
		<longitude />
		<visitLocalTime>12:34:06</visitLocalTime>
		<visitLocalHour>12</visitLocalHour>
		<daysSinceLastVisit>0</daysSinceLastVisit>
		<customVariables>
		</customVariables>
		<resolution>1024x768</resolution>
		<plugins>cookie, flash, java</plugins>
		<pluginsIcons>
			<row>
				<pluginIcon>plugins/Morpheus/icons/dist/plugins/cookie.png</pluginIcon>
				<pluginName>cookie</pluginName>
			</row>
			<row>
				<pluginIcon>plugins/Morpheus/icons/dist/plugins/flash.png</pluginIcon>
				<pluginName>flash</pluginName>
			</row>
			<row>
				<pluginIcon>plugins/Morpheus/icons/dist/plugins/java.png</pluginIcon>
				<pluginName>java</pluginName>
			</row>
		</pluginsIcons>
	</row>
</result>